[classical] P1 lr seed0 fold0 macroF1=0.625
[classical] P1 svm_rbf seed0 fold0 macroF1=0.700
[classical] P1 rf seed0 fold0 macroF1=0.700
[classical] P1 lr seed0 fold1 macroF1=0.612
[classical] P1 svm_rbf seed0 fold1 macroF1=0.631
[classical] P1 rf seed0 fold1 macroF1=0.549
[classical] P1 lr seed0 fold2 macroF1=0.630
[classical] P1 svm_rbf seed0 fold2 macroF1=0.597
[classical] P1 rf seed0 fold2 macroF1=0.576
[classical] P1 lr seed0 fold3 macroF1=0.514
[classical] P1 svm_rbf seed0 fold3 macroF1=0.377
[classical] P1 rf seed0 fold3 macroF1=0.354
[classical] P1 lr seed0 fold4 macroF1=0.517
[classical] P1 svm_rbf seed0 fold4 macroF1=0.568
[classical] P1 rf seed0 fold4 macroF1=0.648
[classical] P1 lr seed1 fold0 macroF1=0.653
[classical] P1 svm_rbf seed1 fold0 macroF1=0.574
[classical] P1 rf seed1 fold0 macroF1=0.627
[classical] P1 lr seed1 fold1 macroF1=0.583
[classical] P1 svm_rbf seed1 fold1 macroF1=0.713
[classical] P1 rf seed1 fold1 macroF1=0.475
[classical] P1 lr seed1 fold2 macroF1=0.583
[classical] P1 svm_rbf seed1 fold2 macroF1=0.550
[classical] P1 rf seed1 fold2 macroF1=0.550
[classical] P1 lr seed1 fold3 macroF1=0.542
[classical] P1 svm_rbf seed1 fold3 macroF1=0.670
[classical] P1 rf seed1 fold3 macroF1=0.597
[classical] P1 lr seed1 fold4 macroF1=0.678
[classical] P1 svm_rbf seed1 fold4 macroF1=0.529
[classical] P1 rf seed1 fold4 macroF1=0.482
[classical] P1 lr seed2 fold0 macroF1=0.576
[classical] P1 svm_rbf seed2 fold0 macroF1=0.511
[classical] P1 rf seed2 fold0 macroF1=0.549
[classical] P1 lr seed2 fold1 macroF1=0.730
[classical] P1 svm_rbf seed2 fold1 macroF1=0.631
[classical] P1 rf seed2 fold1 macroF1=0.631
[classical] P1 lr seed2 fold2 macroF1=0.524
[classical] P1 svm_rbf seed2 fold2 macroF1=0.466
[classical] P1 rf seed2 fold2 macroF1=0.498
[classical] P1 lr seed2 fold3 macroF1=0.569
[classical] P1 svm_rbf seed2 fold3 macroF1=0.603
[classical] P1 rf seed2 fold3 macroF1=0.641
[classical] P1 lr seed2 fold4 macroF1=0.515
[classical] P1 svm_rbf seed2 fold4 macroF1=0.709
[classical] P1 rf seed2 fold4 macroF1=0.695
[classical] P1 lr seed3 fold0 macroF1=0.625
[classical] P1 svm_rbf seed3 fold0 macroF1=0.499
[classical] P1 rf seed3 fold0 macroF1=0.444
[classical] P1 lr seed3 fold1 macroF1=0.593
[classical] P1 svm_rbf seed3 fold1 macroF1=0.514
[classical] P1 rf seed3 fold1 macroF1=0.569
[classical] P1 lr seed3 fold2 macroF1=0.653
[classical] P1 svm_rbf seed3 fold2 macroF1=0.603
[classical] P1 rf seed3 fold2 macroF1=0.670
[classical] P1 lr seed3 fold3 macroF1=0.631
[classical] P1 svm_rbf seed3 fold3 macroF1=0.479
[classical] P1 rf seed3 fold3 macroF1=0.534
[classical] P1 lr seed3 fold4 macroF1=0.695
[classical] P1 svm_rbf seed3 fold4 macroF1=0.771
[classical] P1 rf seed3 fold4 macroF1=0.707
[classical] P1 lr seed4 fold0 macroF1=0.713
[classical] P1 svm_rbf seed4 fold0 macroF1=0.700
[classical] P1 rf seed4 fold0 macroF1=0.659
[classical] P1 lr seed4 fold1 macroF1=0.597
[classical] P1 svm_rbf seed4 fold1 macroF1=0.653
[classical] P1 rf seed4 fold1 macroF1=0.641
[classical] P1 lr seed4 fold2 macroF1=0.562
[classical] P1 svm_rbf seed4 fold2 macroF1=0.499
[classical] P1 rf seed4 fold2 macroF1=0.576
[classical] P1 lr seed4 fold3 macroF1=0.550
[classical] P1 svm_rbf seed4 fold3 macroF1=0.549
[classical] P1 rf seed4 fold3 macroF1=0.576
[classical] P1 lr seed4 fold4 macroF1=0.542
[classical] P1 svm_rbf seed4 fold4 macroF1=0.529
[classical] P1 rf seed4 fold4 macroF1=0.505
[classical] P2 lr seed0 fold0 macroF1=0.683
[classical] P2 svm_rbf seed0 fold0 macroF1=0.627
[classical] P2 rf seed0 fold0 macroF1=0.499
[classical] P2 lr seed0 fold1 macroF1=0.612
[classical] P2 svm_rbf seed0 fold1 macroF1=0.558
[classical] P2 rf seed0 fold1 macroF1=0.479
[classical] P2 lr seed0 fold2 macroF1=0.471
[classical] P2 svm_rbf seed0 fold2 macroF1=0.499
[classical] P2 rf seed0 fold2 macroF1=0.583
[classical] P2 lr seed0 fold3 macroF1=0.554
[classical] P2 svm_rbf seed0 fold3 macroF1=0.511
[classical] P2 rf seed0 fold3 macroF1=0.422
[classical] P2 lr seed0 fold4 macroF1=0.676
[classical] P2 svm_rbf seed0 fold4 macroF1=0.607
[classical] P2 rf seed0 fold4 macroF1=0.607
[classical] P2 lr seed1 fold0 macroF1=0.569
[classical] P2 svm_rbf seed1 fold0 macroF1=0.583
[classical] P2 rf seed1 fold0 macroF1=0.558
[classical] P2 lr seed1 fold1 macroF1=0.498
[classical] P2 svm_rbf seed1 fold1 macroF1=0.583
[classical] P2 rf seed1 fold1 macroF1=0.400
[classical] P2 lr seed1 fold2 macroF1=0.583
[classical] P2 svm_rbf seed1 fold2 macroF1=0.534
[classical] P2 rf seed1 fold2 macroF1=0.479
[classical] P2 lr seed1 fold3 macroF1=0.732
[classical] P2 svm_rbf seed1 fold3 macroF1=0.627
[classical] P2 rf seed1 fold3 macroF1=0.388
[classical] P2 lr seed1 fold4 macroF1=0.459
[classical] P2 svm_rbf seed1 fold4 macroF1=0.396
[classical] P2 rf seed1 fold4 macroF1=0.383
[classical] P2 lr seed2 fold0 macroF1=0.653
[classical] P2 svm_rbf seed2 fold0 macroF1=0.499
[classical] P2 rf seed2 fold0 macroF1=0.583
[classical] P2 lr seed2 fold1 macroF1=0.486
[classical] P2 svm_rbf seed2 fold1 macroF1=0.627
[classical] P2 rf seed2 fold1 macroF1=0.627
[classical] P2 lr seed2 fold2 macroF1=0.444
[classical] P2 svm_rbf seed2 fold2 macroF1=0.511
[classical] P2 rf seed2 fold2 macroF1=0.627
[classical] P2 lr seed2 fold3 macroF1=0.593
[classical] P2 svm_rbf seed2 fold3 macroF1=0.656
[classical] P2 rf seed2 fold3 macroF1=0.583
[classical] P2 lr seed2 fold4 macroF1=0.648
[classical] P2 svm_rbf seed2 fold4 macroF1=0.495
[classical] P2 rf seed2 fold4 macroF1=0.396
[classical] P2 lr seed3 fold0 macroF1=0.525
[classical] P2 svm_rbf seed3 fold0 macroF1=0.511
[classical] P2 rf seed3 fold0 macroF1=0.511
[classical] P2 lr seed3 fold1 macroF1=0.653
[classical] P2 svm_rbf seed3 fold1 macroF1=0.558
[classical] P2 rf seed3 fold1 macroF1=0.499
[classical] P2 lr seed3 fold2 macroF1=0.531
[classical] P2 svm_rbf seed3 fold2 macroF1=0.689
[classical] P2 rf seed3 fold2 macroF1=0.600
[classical] P2 lr seed3 fold3 macroF1=0.597
[classical] P2 svm_rbf seed3 fold3 macroF1=0.400
[classical] P2 rf seed3 fold3 macroF1=0.400
[classical] P2 lr seed3 fold4 macroF1=0.771
[classical] P2 svm_rbf seed3 fold4 macroF1=0.653
[classical] P2 rf seed3 fold4 macroF1=0.653
[classical] P2 lr seed4 fold0 macroF1=0.499
[classical] P2 svm_rbf seed4 fold0 macroF1=0.583
[classical] P2 rf seed4 fold0 macroF1=0.499
[classical] P2 lr seed4 fold1 macroF1=0.531
[classical] P2 svm_rbf seed4 fold1 macroF1=0.631
[classical] P2 rf seed4 fold1 macroF1=0.558
[classical] P2 lr seed4 fold2 macroF1=0.630
[classical] P2 svm_rbf seed4 fold2 macroF1=0.656
[classical] P2 rf seed4 fold2 macroF1=0.479
[classical] P2 lr seed4 fold3 macroF1=0.554
[classical] P2 svm_rbf seed4 fold3 macroF1=0.460
[classical] P2 rf seed4 fold3 macroF1=0.499
[classical] P2 lr seed4 fold4 macroF1=0.440
[classical] P2 svm_rbf seed4 fold4 macroF1=0.495
[classical] P2 rf seed4 fold4 macroF1=0.495
[classical] P3 lr seed0 fold0 macroF1=0.824
[classical] P3 svm_rbf seed0 fold0 macroF1=0.700
[classical] P3 rf seed0 fold0 macroF1=0.576
[classical] P3 lr seed0 fold1 macroF1=0.700
[classical] P3 svm_rbf seed0 fold1 macroF1=0.653
[classical] P3 rf seed0 fold1 macroF1=0.576
[classical] P3 lr seed0 fold2 macroF1=0.775
[classical] P3 svm_rbf seed0 fold2 macroF1=0.689
[classical] P3 rf seed0 fold2 macroF1=0.744
[classical] P3 lr seed0 fold3 macroF1=0.542
[classical] P3 svm_rbf seed0 fold3 macroF1=0.475
[classical] P3 rf seed0 fold3 macroF1=0.475
[classical] P3 lr seed0 fold4 macroF1=0.597
[classical] P3 svm_rbf seed0 fold4 macroF1=0.709
[classical] P3 rf seed0 fold4 macroF1=0.883
[classical] P3 lr seed1 fold0 macroF1=0.689
[classical] P3 svm_rbf seed1 fold0 macroF1=0.656
[classical] P3 rf seed1 fold0 macroF1=0.631
[classical] P3 lr seed1 fold1 macroF1=0.641
[classical] P3 svm_rbf seed1 fold1 macroF1=0.775
[classical] P3 rf seed1 fold1 macroF1=0.775
[classical] P3 lr seed1 fold2 macroF1=0.597
[classical] P3 svm_rbf seed1 fold2 macroF1=0.471
[classical] P3 rf seed1 fold2 macroF1=0.542
[classical] P3 lr seed1 fold3 macroF1=0.850
[classical] P3 svm_rbf seed1 fold3 macroF1=0.762
[classical] P3 rf seed1 fold3 macroF1=0.574
[classical] P3 lr seed1 fold4 macroF1=0.648
[classical] P3 svm_rbf seed1 fold4 macroF1=0.655
[classical] P3 rf seed1 fold4 macroF1=0.655
[classical] P3 lr seed2 fold0 macroF1=0.641
[classical] P3 svm_rbf seed2 fold0 macroF1=0.603
[classical] P3 rf seed2 fold0 macroF1=0.625
[classical] P3 lr seed2 fold1 macroF1=0.574
[classical] P3 svm_rbf seed2 fold1 macroF1=0.689
[classical] P3 rf seed2 fold1 macroF1=0.713
[classical] P3 lr seed2 fold2 macroF1=0.683
[classical] P3 svm_rbf seed2 fold2 macroF1=0.623
[classical] P3 rf seed2 fold2 macroF1=0.550
[classical] P3 lr seed2 fold3 macroF1=0.824
[classical] P3 svm_rbf seed2 fold3 macroF1=0.713
[classical] P3 rf seed2 fold3 macroF1=0.850
[classical] P3 lr seed2 fold4 macroF1=0.515
[classical] P3 svm_rbf seed2 fold4 macroF1=0.718
[classical] P3 rf seed2 fold4 macroF1=0.709
[classical] P3 lr seed3 fold0 macroF1=0.670
[classical] P3 svm_rbf seed3 fold0 macroF1=0.700
[classical] P3 rf seed3 fold0 macroF1=0.597
[classical] P3 lr seed3 fold1 macroF1=0.744
[classical] P3 svm_rbf seed3 fold1 macroF1=0.713
[classical] P3 rf seed3 fold1 macroF1=0.670
[classical] P3 lr seed3 fold2 macroF1=0.670
[classical] P3 svm_rbf seed3 fold2 macroF1=0.670
[classical] P3 rf seed3 fold2 macroF1=0.597
[classical] P3 lr seed3 fold3 macroF1=0.499
[classical] P3 svm_rbf seed3 fold3 macroF1=0.499
[classical] P3 rf seed3 fold3 macroF1=0.627
[classical] P3 lr seed3 fold4 macroF1=0.739
[classical] P3 svm_rbf seed3 fold4 macroF1=0.804
[classical] P3 rf seed3 fold4 macroF1=0.839
[classical] P3 lr seed4 fold0 macroF1=0.775
[classical] P3 svm_rbf seed4 fold0 macroF1=0.744
[classical] P3 rf seed4 fold0 macroF1=0.659
[classical] P3 lr seed4 fold1 macroF1=0.524
[classical] P3 svm_rbf seed4 fold1 macroF1=0.744
[classical] P3 rf seed4 fold1 macroF1=0.653
[classical] P3 lr seed4 fold2 macroF1=0.722
[classical] P3 svm_rbf seed4 fold2 macroF1=0.576
[classical] P3 rf seed4 fold2 macroF1=0.576
[classical] P3 lr seed4 fold3 macroF1=0.475
[classical] P3 svm_rbf seed4 fold3 macroF1=0.659
[classical] P3 rf seed4 fold3 macroF1=0.744
[classical] P3 lr seed4 fold4 macroF1=0.626
[classical] P3 svm_rbf seed4 fold4 macroF1=0.529
[classical] P3 rf seed4 fold4 macroF1=0.542
[classical] P4 lr seed0 fold0 macroF1=0.722
[classical] P4 svm_rbf seed0 fold0 macroF1=0.744
[classical] P4 rf seed0 fold0 macroF1=0.631
[classical] P4 lr seed0 fold1 macroF1=0.722
[classical] P4 svm_rbf seed0 fold1 macroF1=0.653
[classical] P4 rf seed0 fold1 macroF1=0.603
[classical] P4 lr seed0 fold2 macroF1=0.576
[classical] P4 svm_rbf seed0 fold2 macroF1=0.653
[classical] P4 rf seed0 fold2 macroF1=0.744
[classical] P4 lr seed0 fold3 macroF1=0.700
[classical] P4 svm_rbf seed0 fold3 macroF1=0.574
[classical] P4 rf seed0 fold3 macroF1=0.550
[classical] P4 lr seed0 fold4 macroF1=0.726
[classical] P4 svm_rbf seed0 fold4 macroF1=0.568
[classical] P4 rf seed0 fold4 macroF1=0.623
[classical] P4 lr seed1 fold0 macroF1=0.603
[classical] P4 svm_rbf seed1 fold0 macroF1=0.603
[classical] P4 rf seed1 fold0 macroF1=0.489
[classical] P4 lr seed1 fold1 macroF1=0.653
[classical] P4 svm_rbf seed1 fold1 macroF1=0.659
[classical] P4 rf seed1 fold1 macroF1=0.631
[classical] P4 lr seed1 fold2 macroF1=0.569
[classical] P4 svm_rbf seed1 fold2 macroF1=0.670
[classical] P4 rf seed1 fold2 macroF1=0.550
[classical] P4 lr seed1 fold3 macroF1=0.753
[classical] P4 svm_rbf seed1 fold3 macroF1=0.700
[classical] P4 rf seed1 fold3 macroF1=0.466
[classical] P4 lr seed1 fold4 macroF1=0.634
[classical] P4 svm_rbf seed1 fold4 macroF1=0.685
[classical] P4 rf seed1 fold4 macroF1=0.709
[classical] P4 lr seed2 fold0 macroF1=0.625
[classical] P4 svm_rbf seed2 fold0 macroF1=0.600
[classical] P4 rf seed2 fold0 macroF1=0.549
[classical] P4 lr seed2 fold1 macroF1=0.713
[classical] P4 svm_rbf seed2 fold1 macroF1=0.659
[classical] P4 rf seed2 fold1 macroF1=0.631
[classical] P4 lr seed2 fold2 macroF1=0.670
[classical] P4 svm_rbf seed2 fold2 macroF1=0.597
[classical] P4 rf seed2 fold2 macroF1=0.576
[classical] P4 lr seed2 fold3 macroF1=0.792
[classical] P4 svm_rbf seed2 fold3 macroF1=0.817
[classical] P4 rf seed2 fold3 macroF1=0.775
[classical] P4 lr seed2 fold4 macroF1=0.597
[classical] P4 svm_rbf seed2 fold4 macroF1=0.623
[classical] P4 rf seed2 fold4 macroF1=0.455
[classical] P4 lr seed3 fold0 macroF1=0.499
[classical] P4 svm_rbf seed3 fold0 macroF1=0.603
[classical] P4 rf seed3 fold0 macroF1=0.569
[classical] P4 lr seed3 fold1 macroF1=0.744
[classical] P4 svm_rbf seed3 fold1 macroF1=0.603
[classical] P4 rf seed3 fold1 macroF1=0.574
[classical] P4 lr seed3 fold2 macroF1=0.753
[classical] P4 svm_rbf seed3 fold2 macroF1=0.569
[classical] P4 rf seed3 fold2 macroF1=0.683
[classical] P4 lr seed3 fold3 macroF1=0.625
[classical] P4 svm_rbf seed3 fold3 macroF1=0.656
[classical] P4 rf seed3 fold3 macroF1=0.499
[classical] P4 lr seed3 fold4 macroF1=0.645
[classical] P4 svm_rbf seed3 fold4 macroF1=0.792
[classical] P4 rf seed3 fold4 macroF1=0.709
[classical] P4 lr seed4 fold0 macroF1=0.762
[classical] P4 svm_rbf seed4 fold0 macroF1=0.627
[classical] P4 rf seed4 fold0 macroF1=0.713
[classical] P4 lr seed4 fold1 macroF1=0.550
[classical] P4 svm_rbf seed4 fold1 macroF1=0.631
[classical] P4 rf seed4 fold1 macroF1=0.558
[classical] P4 lr seed4 fold2 macroF1=0.691
[classical] P4 svm_rbf seed4 fold2 macroF1=0.641
[classical] P4 rf seed4 fold2 macroF1=0.625
[classical] P4 lr seed4 fold3 macroF1=0.597
[classical] P4 svm_rbf seed4 fold3 macroF1=0.631
[classical] P4 rf seed4 fold3 macroF1=0.653
[classical] P4 lr seed4 fold4 macroF1=0.739
[classical] P4 svm_rbf seed4 fold4 macroF1=0.655
[classical] P4 rf seed4 fold4 macroF1=0.597
[classical] P6 lr seed0 fold0 macroF1=0.713
[classical] P6 svm_rbf seed0 fold0 macroF1=0.775
[classical] P6 rf seed0 fold0 macroF1=0.597
[classical] P6 lr seed0 fold1 macroF1=0.762
[classical] P6 svm_rbf seed0 fold1 macroF1=0.744
[classical] P6 rf seed0 fold1 macroF1=0.574
[classical] P6 lr seed0 fold2 macroF1=0.744
[classical] P6 svm_rbf seed0 fold2 macroF1=0.600
[classical] P6 rf seed0 fold2 macroF1=0.778
[classical] P6 lr seed0 fold3 macroF1=0.641
[classical] P6 svm_rbf seed0 fold3 macroF1=0.524
[classical] P6 rf seed0 fold3 macroF1=0.524
[classical] P6 lr seed0 fold4 macroF1=0.678
[classical] P6 svm_rbf seed0 fold4 macroF1=0.758
[classical] P6 rf seed0 fold4 macroF1=0.792
[classical] P6 lr seed1 fold0 macroF1=0.627
[classical] P6 svm_rbf seed1 fold0 macroF1=0.744
[classical] P6 rf seed1 fold0 macroF1=0.775
[classical] P6 lr seed1 fold1 macroF1=0.700
[classical] P6 svm_rbf seed1 fold1 macroF1=0.841
[classical] P6 rf seed1 fold1 macroF1=0.817
[classical] P6 lr seed1 fold2 macroF1=0.562
[classical] P6 svm_rbf seed1 fold2 macroF1=0.524
[classical] P6 rf seed1 fold2 macroF1=0.554
[classical] P6 lr seed1 fold3 macroF1=0.744
[classical] P6 svm_rbf seed1 fold3 macroF1=0.713
[classical] P6 rf seed1 fold3 macroF1=0.631
[classical] P6 lr seed1 fold4 macroF1=0.709
[classical] P6 svm_rbf seed1 fold4 macroF1=0.623
[classical] P6 rf seed1 fold4 macroF1=0.709
[classical] P6 lr seed2 fold0 macroF1=0.653
[classical] P6 svm_rbf seed2 fold0 macroF1=0.659
[classical] P6 rf seed2 fold0 macroF1=0.576
[classical] P6 lr seed2 fold1 macroF1=0.689
[classical] P6 svm_rbf seed2 fold1 macroF1=0.795
[classical] P6 rf seed2 fold1 macroF1=0.762
[classical] P6 lr seed2 fold2 macroF1=0.670
[classical] P6 svm_rbf seed2 fold2 macroF1=0.583
[classical] P6 rf seed2 fold2 macroF1=0.524
[classical] P6 lr seed2 fold3 macroF1=0.753
[classical] P6 svm_rbf seed2 fold3 macroF1=0.807
[classical] P6 rf seed2 fold3 macroF1=0.762
[classical] P6 lr seed2 fold4 macroF1=0.597
[classical] P6 svm_rbf seed2 fold4 macroF1=0.623
[classical] P6 rf seed2 fold4 macroF1=0.792
[classical] P6 lr seed3 fold0 macroF1=0.603
[classical] P6 svm_rbf seed3 fold0 macroF1=0.641
[classical] P6 rf seed3 fold0 macroF1=0.597
[classical] P6 lr seed3 fold1 macroF1=0.700
[classical] P6 svm_rbf seed3 fold1 macroF1=0.785
[classical] P6 rf seed3 fold1 macroF1=0.713
[classical] P6 lr seed3 fold2 macroF1=0.775
[classical] P6 svm_rbf seed3 fold2 macroF1=0.670
[classical] P6 rf seed3 fold2 macroF1=0.700
[classical] P6 lr seed3 fold3 macroF1=0.631
[classical] P6 svm_rbf seed3 fold3 macroF1=0.499
[classical] P6 rf seed3 fold3 macroF1=0.627
[classical] P6 lr seed3 fold4 macroF1=0.748
[classical] P6 svm_rbf seed3 fold4 macroF1=0.813
[classical] P6 rf seed3 fold4 macroF1=0.839
[classical] P6 lr seed4 fold0 macroF1=0.762
[classical] P6 svm_rbf seed4 fold0 macroF1=0.795
[classical] P6 rf seed4 fold0 macroF1=0.627
[classical] P6 lr seed4 fold1 macroF1=0.670
[classical] P6 svm_rbf seed4 fold1 macroF1=0.817
[classical] P6 rf seed4 fold1 macroF1=0.700
[classical] P6 lr seed4 fold2 macroF1=0.753
[classical] P6 svm_rbf seed4 fold2 macroF1=0.653
[classical] P6 rf seed4 fold2 macroF1=0.603
[classical] P6 lr seed4 fold3 macroF1=0.550
[classical] P6 svm_rbf seed4 fold3 macroF1=0.631
[classical] P6 rf seed4 fold3 macroF1=0.744
[classical] P6 lr seed4 fold4 macroF1=0.655
[classical] P6 svm_rbf seed4 fold4 macroF1=0.655
[classical] P6 rf seed4 fold4 macroF1=0.648
[classical] P7 lr seed0 fold0 macroF1=0.683
[classical] P7 svm_rbf seed0 fold0 macroF1=0.744
[classical] P7 rf seed0 fold0 macroF1=0.713
[classical] P7 lr seed0 fold1 macroF1=0.623
[classical] P7 svm_rbf seed0 fold1 macroF1=0.549
[classical] P7 rf seed0 fold1 macroF1=0.466
[classical] P7 lr seed0 fold2 macroF1=0.583
[classical] P7 svm_rbf seed0 fold2 macroF1=0.631
[classical] P7 rf seed0 fold2 macroF1=0.489
[classical] P7 lr seed0 fold3 macroF1=0.377
[classical] P7 svm_rbf seed0 fold3 macroF1=0.345
[classical] P7 rf seed0 fold3 macroF1=0.345
[classical] P7 lr seed0 fold4 macroF1=0.655
[classical] P7 svm_rbf seed0 fold4 macroF1=0.685
[classical] P7 rf seed0 fold4 macroF1=0.685
[classical] P7 lr seed1 fold0 macroF1=0.625
[classical] P7 svm_rbf seed1 fold0 macroF1=0.631
[classical] P7 rf seed1 fold0 macroF1=0.583
[classical] P7 lr seed1 fold1 macroF1=0.514
[classical] P7 svm_rbf seed1 fold1 macroF1=0.499
[classical] P7 rf seed1 fold1 macroF1=0.489
[classical] P7 lr seed1 fold2 macroF1=0.625
[classical] P7 svm_rbf seed1 fold2 macroF1=0.631
[classical] P7 rf seed1 fold2 macroF1=0.550
[classical] P7 lr seed1 fold3 macroF1=0.524
[classical] P7 svm_rbf seed1 fold3 macroF1=0.498
[classical] P7 rf seed1 fold3 macroF1=0.524
[classical] P7 lr seed1 fold4 macroF1=0.491
[classical] P7 svm_rbf seed1 fold4 macroF1=0.568
[classical] P7 rf seed1 fold4 macroF1=0.396
[classical] P7 lr seed2 fold0 macroF1=0.524
[classical] P7 svm_rbf seed2 fold0 macroF1=0.603
[classical] P7 rf seed2 fold0 macroF1=0.534
[classical] P7 lr seed2 fold1 macroF1=0.603
[classical] P7 svm_rbf seed2 fold1 macroF1=0.574
[classical] P7 rf seed2 fold1 macroF1=0.576
[classical] P7 lr seed2 fold2 macroF1=0.451
[classical] P7 svm_rbf seed2 fold2 macroF1=0.466
[classical] P7 rf seed2 fold2 macroF1=0.475
[classical] P7 lr seed2 fold3 macroF1=0.691
[classical] P7 svm_rbf seed2 fold3 macroF1=0.641
[classical] P7 rf seed2 fold3 macroF1=0.625
[classical] P7 lr seed2 fold4 macroF1=0.517
[classical] P7 svm_rbf seed2 fold4 macroF1=0.685
[classical] P7 rf seed2 fold4 macroF1=0.554
[classical] P7 lr seed3 fold0 macroF1=0.498
[classical] P7 svm_rbf seed3 fold0 macroF1=0.499
[classical] P7 rf seed3 fold0 macroF1=0.451
[classical] P7 lr seed3 fold1 macroF1=0.683
[classical] P7 svm_rbf seed3 fold1 macroF1=0.625
[classical] P7 rf seed3 fold1 macroF1=0.489
[classical] P7 lr seed3 fold2 macroF1=0.661
[classical] P7 svm_rbf seed3 fold2 macroF1=0.625
[classical] P7 rf seed3 fold2 macroF1=0.670
[classical] P7 lr seed3 fold3 macroF1=0.451
[classical] P7 svm_rbf seed3 fold3 macroF1=0.627
[classical] P7 rf seed3 fold3 macroF1=0.499
[classical] P7 lr seed3 fold4 macroF1=0.726
[classical] P7 svm_rbf seed3 fold4 macroF1=0.595
[classical] P7 rf seed3 fold4 macroF1=0.626
[classical] P7 lr seed4 fold0 macroF1=0.683
[classical] P7 svm_rbf seed4 fold0 macroF1=0.603
[classical] P7 rf seed4 fold0 macroF1=0.511
[classical] P7 lr seed4 fold1 macroF1=0.597
[classical] P7 svm_rbf seed4 fold1 macroF1=0.683
[classical] P7 rf seed4 fold1 macroF1=0.670
[classical] P7 lr seed4 fold2 macroF1=0.653
[classical] P7 svm_rbf seed4 fold2 macroF1=0.489
[classical] P7 rf seed4 fold2 macroF1=0.653
[classical] P7 lr seed4 fold3 macroF1=0.514
[classical] P7 svm_rbf seed4 fold3 macroF1=0.524
[classical] P7 rf seed4 fold3 macroF1=0.524
[classical] P7 lr seed4 fold4 macroF1=0.568
[classical] P7 svm_rbf seed4 fold4 macroF1=0.554
[classical] P7 rf seed4 fold4 macroF1=0.475
                   mean     sd   n  ci95_lo  ci95_hi
pipeline model                                      
P1       lr       0.600  0.063  25    0.576    0.625
         rf       0.578  0.087  25    0.544    0.612
         svm_rbf  0.585  0.094  25    0.548    0.622
P2       lr       0.576  0.090  25    0.540    0.611
         rf       0.512  0.083  25    0.480    0.545
         svm_rbf  0.558  0.080  25    0.527    0.589
P3       lr       0.662  0.106  25    0.620    0.703
         rf       0.655  0.105  25    0.614    0.696
         svm_rbf  0.661  0.091  25    0.625    0.697
P4       lr       0.666  0.077  25    0.636    0.697
         rf       0.606  0.085  25    0.573    0.640
         svm_rbf  0.649  0.063  25    0.624    0.673
P6       lr       0.684  0.065  25    0.658    0.709
         rf       0.679  0.096  25    0.641    0.716
         svm_rbf  0.691  0.101  25    0.651    0.731
P7       lr       0.581  0.091  25    0.545    0.616
         rf       0.543  0.093  25    0.506    0.579
         svm_rbf  0.583  0.087  25    0.549    0.617

