[classical] P1 lr seed0 fold0 macroF1=0.641
[classical] P1 svm_rbf seed0 fold0 macroF1=0.700
[classical] P1 rf seed0 fold0 macroF1=0.631
[classical] P1 lr seed0 fold1 macroF1=0.670
[classical] P1 svm_rbf seed0 fold1 macroF1=0.574
[classical] P1 rf seed0 fold1 macroF1=0.489
[classical] P1 lr seed0 fold2 macroF1=0.603
[classical] P1 svm_rbf seed0 fold2 macroF1=0.576
[classical] P1 rf seed0 fold2 macroF1=0.576
[classical] P1 lr seed0 fold3 macroF1=0.471
[classical] P1 svm_rbf seed0 fold3 macroF1=0.426
[classical] P1 rf seed0 fold3 macroF1=0.325
[classical] P1 lr seed0 fold4 macroF1=0.570
[classical] P1 svm_rbf seed0 fold4 macroF1=0.383
[classical] P1 rf seed0 fold4 macroF1=0.482
[classical] P1 lr seed1 fold0 macroF1=0.683
[classical] P1 svm_rbf seed1 fold0 macroF1=0.653
[classical] P1 rf seed1 fold0 macroF1=0.631
[classical] P1 lr seed1 fold1 macroF1=0.713
[classical] P1 svm_rbf seed1 fold1 macroF1=0.653
[classical] P1 rf seed1 fold1 macroF1=0.713
[classical] P1 lr seed1 fold2 macroF1=0.670
[classical] P1 svm_rbf seed1 fold2 macroF1=0.499
[classical] P1 rf seed1 fold2 macroF1=0.550
[classical] P1 lr seed1 fold3 macroF1=0.569
[classical] P1 svm_rbf seed1 fold3 macroF1=0.569
[classical] P1 rf seed1 fold3 macroF1=0.550
[classical] P1 lr seed1 fold4 macroF1=0.466
[classical] P1 svm_rbf seed1 fold4 macroF1=0.505
[classical] P1 rf seed1 fold4 macroF1=0.597
[classical] P1 lr seed2 fold0 macroF1=0.576
[classical] P1 svm_rbf seed2 fold0 macroF1=0.574
[classical] P1 rf seed2 fold0 macroF1=0.653
[classical] P1 lr seed2 fold1 macroF1=0.700
[classical] P1 svm_rbf seed2 fold1 macroF1=0.683
[classical] P1 rf seed2 fold1 macroF1=0.683
[classical] P1 lr seed2 fold2 macroF1=0.400
[classical] P1 svm_rbf seed2 fold2 macroF1=0.466
[classical] P1 rf seed2 fold2 macroF1=0.475
[classical] P1 lr seed2 fold3 macroF1=0.569
[classical] P1 svm_rbf seed2 fold3 macroF1=0.641
[classical] P1 rf seed2 fold3 macroF1=0.713
[classical] P1 lr seed2 fold4 macroF1=0.502
[classical] P1 svm_rbf seed2 fold4 macroF1=0.505
[classical] P1 rf seed2 fold4 macroF1=0.648
[classical] P1 lr seed3 fold0 macroF1=0.498
[classical] P1 svm_rbf seed3 fold0 macroF1=0.499
[classical] P1 rf seed3 fold0 macroF1=0.466
[classical] P1 lr seed3 fold1 macroF1=0.554
[classical] P1 svm_rbf seed3 fold1 macroF1=0.471
[classical] P1 rf seed3 fold1 macroF1=0.524
[classical] P1 lr seed3 fold2 macroF1=0.550
[classical] P1 svm_rbf seed3 fold2 macroF1=0.534
[classical] P1 rf seed3 fold2 macroF1=0.549
[classical] P1 lr seed3 fold3 macroF1=0.730
[classical] P1 svm_rbf seed3 fold3 macroF1=0.479
[classical] P1 rf seed3 fold3 macroF1=0.600
[classical] P1 lr seed3 fold4 macroF1=0.678
[classical] P1 svm_rbf seed3 fold4 macroF1=0.678
[classical] P1 rf seed3 fold4 macroF1=0.695
[classical] P1 lr seed4 fold0 macroF1=0.722
[classical] P1 svm_rbf seed4 fold0 macroF1=0.631
[classical] P1 rf seed4 fold0 macroF1=0.511
[classical] P1 lr seed4 fold1 macroF1=0.550
[classical] P1 svm_rbf seed4 fold1 macroF1=0.549
[classical] P1 rf seed4 fold1 macroF1=0.569
[classical] P1 lr seed4 fold2 macroF1=0.542
[classical] P1 svm_rbf seed4 fold2 macroF1=0.603
[classical] P1 rf seed4 fold2 macroF1=0.576
[classical] P1 lr seed4 fold3 macroF1=0.498
[classical] P1 svm_rbf seed4 fold3 macroF1=0.549
[classical] P1 rf seed4 fold3 macroF1=0.576
[classical] P1 lr seed4 fold4 macroF1=0.542
[classical] P1 svm_rbf seed4 fold4 macroF1=0.505
[classical] P1 rf seed4 fold4 macroF1=0.459
[classical] P2 lr seed0 fold0 macroF1=0.542
[classical] P2 svm_rbf seed0 fold0 macroF1=0.558
[classical] P2 rf seed0 fold0 macroF1=0.479
[classical] P2 lr seed0 fold1 macroF1=0.550
[classical] P2 svm_rbf seed0 fold1 macroF1=0.558
[classical] P2 rf seed0 fold1 macroF1=0.479
[classical] P2 lr seed0 fold2 macroF1=0.550
[classical] P2 svm_rbf seed0 fold2 macroF1=0.583
[classical] P2 rf seed0 fold2 macroF1=0.656
[classical] P2 lr seed0 fold3 macroF1=0.542
[classical] P2 svm_rbf seed0 fold3 macroF1=0.549
[classical] P2 rf seed0 fold3 macroF1=0.441
[classical] P2 lr seed0 fold4 macroF1=0.589
[classical] P2 svm_rbf seed0 fold4 macroF1=0.607
[classical] P2 rf seed0 fold4 macroF1=0.517
[classical] P2 lr seed1 fold0 macroF1=0.597
[classical] P2 svm_rbf seed1 fold0 macroF1=0.656
[classical] P2 rf seed1 fold0 macroF1=0.720
[classical] P2 lr seed1 fold1 macroF1=0.569
[classical] P2 svm_rbf seed1 fold1 macroF1=0.583
[classical] P2 rf seed1 fold1 macroF1=0.400
[classical] P2 lr seed1 fold2 macroF1=0.623
[classical] P2 svm_rbf seed1 fold2 macroF1=0.600
[classical] P2 rf seed1 fold2 macroF1=0.460
[classical] P2 lr seed1 fold3 macroF1=0.633
[classical] P2 svm_rbf seed1 fold3 macroF1=0.689
[classical] P2 rf seed1 fold3 macroF1=0.558
[classical] P2 lr seed1 fold4 macroF1=0.561
[classical] P2 svm_rbf seed1 fold4 macroF1=0.396
[classical] P2 rf seed1 fold4 macroF1=0.396
[classical] P2 lr seed2 fold0 macroF1=0.670
[classical] P2 svm_rbf seed2 fold0 macroF1=0.479
[classical] P2 rf seed2 fold0 macroF1=0.499
[classical] P2 lr seed2 fold1 macroF1=0.457
[classical] P2 svm_rbf seed2 fold1 macroF1=0.511
[classical] P2 rf seed2 fold1 macroF1=0.627
[classical] P2 lr seed2 fold2 macroF1=0.467
[classical] P2 svm_rbf seed2 fold2 macroF1=0.574
[classical] P2 rf seed2 fold2 macroF1=0.600
[classical] P2 lr seed2 fold3 macroF1=0.630
[classical] P2 svm_rbf seed2 fold3 macroF1=0.744
[classical] P2 rf seed2 fold3 macroF1=0.583
[classical] P2 lr seed2 fold4 macroF1=0.695
[classical] P2 svm_rbf seed2 fold4 macroF1=0.475
[classical] P2 rf seed2 fold4 macroF1=0.495
[classical] P2 lr seed3 fold0 macroF1=0.495
[classical] P2 svm_rbf seed3 fold0 macroF1=0.574
[classical] P2 rf seed3 fold0 macroF1=0.534
[classical] P2 lr seed3 fold1 macroF1=0.713
[classical] P2 svm_rbf seed3 fold1 macroF1=0.627
[classical] P2 rf seed3 fold1 macroF1=0.400
[classical] P2 lr seed3 fold2 macroF1=0.562
[classical] P2 svm_rbf seed3 fold2 macroF1=0.627
[classical] P2 rf seed3 fold2 macroF1=0.558
[classical] P2 lr seed3 fold3 macroF1=0.612
[classical] P2 svm_rbf seed3 fold3 macroF1=0.558
[classical] P2 rf seed3 fold3 macroF1=0.499
[classical] P2 lr seed3 fold4 macroF1=0.648
[classical] P2 svm_rbf seed3 fold4 macroF1=0.554
[classical] P2 rf seed3 fold4 macroF1=0.495
[classical] P2 lr seed4 fold0 macroF1=0.498
[classical] P2 svm_rbf seed4 fold0 macroF1=0.558
[classical] P2 rf seed4 fold0 macroF1=0.499
[classical] P2 lr seed4 fold1 macroF1=0.623
[classical] P2 svm_rbf seed4 fold1 macroF1=0.534
[classical] P2 rf seed4 fold1 macroF1=0.479
[classical] P2 lr seed4 fold2 macroF1=0.612
[classical] P2 svm_rbf seed4 fold2 macroF1=0.627
[classical] P2 rf seed4 fold2 macroF1=0.479
[classical] P2 lr seed4 fold3 macroF1=0.542
[classical] P2 svm_rbf seed4 fold3 macroF1=0.479
[classical] P2 rf seed4 fold3 macroF1=0.400
[classical] P2 lr seed4 fold4 macroF1=0.436
[classical] P2 svm_rbf seed4 fold4 macroF1=0.495
[classical] P2 rf seed4 fold4 macroF1=0.580
[classical] P3 lr seed0 fold0 macroF1=0.730
[classical] P3 svm_rbf seed0 fold0 macroF1=0.625
[classical] P3 rf seed0 fold0 macroF1=0.670
[classical] P3 lr seed0 fold1 macroF1=0.670
[classical] P3 svm_rbf seed0 fold1 macroF1=0.653
[classical] P3 rf seed0 fold1 macroF1=0.549
[classical] P3 lr seed0 fold2 macroF1=0.730
[classical] P3 svm_rbf seed0 fold2 macroF1=0.600
[classical] P3 rf seed0 fold2 macroF1=0.689
[classical] P3 lr seed0 fold3 macroF1=0.524
[classical] P3 svm_rbf seed0 fold3 macroF1=0.422
[classical] P3 rf seed0 fold3 macroF1=0.475
[classical] P3 lr seed0 fold4 macroF1=0.626
[classical] P3 svm_rbf seed0 fold4 macroF1=0.792
[classical] P3 rf seed0 fold4 macroF1=0.741
[classical] P3 lr seed1 fold0 macroF1=0.720
[classical] P3 svm_rbf seed1 fold0 macroF1=0.683
[classical] P3 rf seed1 fold0 macroF1=0.653
[classical] P3 lr seed1 fold1 macroF1=0.670
[classical] P3 svm_rbf seed1 fold1 macroF1=0.841
[classical] P3 rf seed1 fold1 macroF1=0.775
[classical] P3 lr seed1 fold2 macroF1=0.597
[classical] P3 svm_rbf seed1 fold2 macroF1=0.542
[classical] P3 rf seed1 fold2 macroF1=0.542
[classical] P3 lr seed1 fold3 macroF1=0.670
[classical] P3 svm_rbf seed1 fold3 macroF1=0.744
[classical] P3 rf seed1 fold3 macroF1=0.627
[classical] P3 lr seed1 fold4 macroF1=0.597
[classical] P3 svm_rbf seed1 fold4 macroF1=0.623
[classical] P3 rf seed1 fold4 macroF1=0.655
[classical] P3 lr seed2 fold0 macroF1=0.670
[classical] P3 svm_rbf seed2 fold0 macroF1=0.631
[classical] P3 rf seed2 fold0 macroF1=0.653
[classical] P3 lr seed2 fold1 macroF1=0.600
[classical] P3 svm_rbf seed2 fold1 macroF1=0.689
[classical] P3 rf seed2 fold1 macroF1=0.659
[classical] P3 lr seed2 fold2 macroF1=0.753
[classical] P3 svm_rbf seed2 fold2 macroF1=0.583
[classical] P3 rf seed2 fold2 macroF1=0.542
[classical] P3 lr seed2 fold3 macroF1=0.744
[classical] P3 svm_rbf seed2 fold3 macroF1=0.817
[classical] P3 rf seed2 fold3 macroF1=0.775
[classical] P3 lr seed2 fold4 macroF1=0.597
[classical] P3 svm_rbf seed2 fold4 macroF1=0.718
[classical] P3 rf seed2 fold4 macroF1=0.758
[classical] P3 lr seed3 fold0 macroF1=0.730
[classical] P3 svm_rbf seed3 fold0 macroF1=0.625
[classical] P3 rf seed3 fold0 macroF1=0.597
[classical] P3 lr seed3 fold1 macroF1=0.576
[classical] P3 svm_rbf seed3 fold1 macroF1=0.576
[classical] P3 rf seed3 fold1 macroF1=0.653
[classical] P3 lr seed3 fold2 macroF1=0.730
[classical] P3 svm_rbf seed3 fold2 macroF1=0.489
[classical] P3 rf seed3 fold2 macroF1=0.422
[classical] P3 lr seed3 fold3 macroF1=0.499
[classical] P3 svm_rbf seed3 fold3 macroF1=0.400
[classical] P3 rf seed3 fold3 macroF1=0.627
[classical] P3 lr seed3 fold4 macroF1=0.707
[classical] P3 svm_rbf seed3 fold4 macroF1=0.758
[classical] P3 rf seed3 fold4 macroF1=0.792
[classical] P3 lr seed4 fold0 macroF1=0.600
[classical] P3 svm_rbf seed4 fold0 macroF1=0.627
[classical] P3 rf seed4 fold0 macroF1=0.713
[classical] P3 lr seed4 fold1 macroF1=0.550
[classical] P3 svm_rbf seed4 fold1 macroF1=0.713
[classical] P3 rf seed4 fold1 macroF1=0.631
[classical] P3 lr seed4 fold2 macroF1=0.683
[classical] P3 svm_rbf seed4 fold2 macroF1=0.576
[classical] P3 rf seed4 fold2 macroF1=0.524
[classical] P3 lr seed4 fold3 macroF1=0.597
[classical] P3 svm_rbf seed4 fold3 macroF1=0.683
[classical] P3 rf seed4 fold3 macroF1=0.641
[classical] P3 lr seed4 fold4 macroF1=0.626
[classical] P3 svm_rbf seed4 fold4 macroF1=0.626
[classical] P3 rf seed4 fold4 macroF1=0.568
[classical] P4 lr seed0 fold0 macroF1=0.753
[classical] P4 svm_rbf seed0 fold0 macroF1=0.659
[classical] P4 rf seed0 fold0 macroF1=0.713
[classical] P4 lr seed0 fold1 macroF1=0.729
[classical] P4 svm_rbf seed0 fold1 macroF1=0.653
[classical] P4 rf seed0 fold1 macroF1=0.631
[classical] P4 lr seed0 fold2 macroF1=0.597
[classical] P4 svm_rbf seed0 fold2 macroF1=0.576
[classical] P4 rf seed0 fold2 macroF1=0.700
[classical] P4 lr seed0 fold3 macroF1=0.612
[classical] P4 svm_rbf seed0 fold3 macroF1=0.511
[classical] P4 rf seed0 fold3 macroF1=0.451
[classical] P4 lr seed0 fold4 macroF1=0.678
[classical] P4 svm_rbf seed0 fold4 macroF1=0.529
[classical] P4 rf seed0 fold4 macroF1=0.623
[classical] P4 lr seed1 fold0 macroF1=0.603
[classical] P4 svm_rbf seed1 fold0 macroF1=0.653
[classical] P4 rf seed1 fold0 macroF1=0.576
[classical] P4 lr seed1 fold1 macroF1=0.683
[classical] P4 svm_rbf seed1 fold1 macroF1=0.683
[classical] P4 rf seed1 fold1 macroF1=0.778
[classical] P4 lr seed1 fold2 macroF1=0.597
[classical] P4 svm_rbf seed1 fold2 macroF1=0.597
[classical] P4 rf seed1 fold2 macroF1=0.466
[classical] P4 lr seed1 fold3 macroF1=0.729
[classical] P4 svm_rbf seed1 fold3 macroF1=0.670
[classical] P4 rf seed1 fold3 macroF1=0.499
[classical] P4 lr seed1 fold4 macroF1=0.589
[classical] P4 svm_rbf seed1 fold4 macroF1=0.595
[classical] P4 rf seed1 fold4 macroF1=0.655
[classical] P4 lr seed2 fold0 macroF1=0.549
[classical] P4 svm_rbf seed2 fold0 macroF1=0.441
[classical] P4 rf seed2 fold0 macroF1=0.549
[classical] P4 lr seed2 fold1 macroF1=0.683
[classical] P4 svm_rbf seed2 fold1 macroF1=0.600
[classical] P4 rf seed2 fold1 macroF1=0.683
[classical] P4 lr seed2 fold2 macroF1=0.625
[classical] P4 svm_rbf seed2 fold2 macroF1=0.653
[classical] P4 rf seed2 fold2 macroF1=0.498
[classical] P4 lr seed2 fold3 macroF1=0.661
[classical] P4 svm_rbf seed2 fold3 macroF1=0.653
[classical] P4 rf seed2 fold3 macroF1=0.744
[classical] P4 lr seed2 fold4 macroF1=0.570
[classical] P4 svm_rbf seed2 fold4 macroF1=0.580
[classical] P4 rf seed2 fold4 macroF1=0.554
[classical] P4 lr seed3 fold0 macroF1=0.550
[classical] P4 svm_rbf seed3 fold0 macroF1=0.653
[classical] P4 rf seed3 fold0 macroF1=0.597
[classical] P4 lr seed3 fold1 macroF1=0.700
[classical] P4 svm_rbf seed3 fold1 macroF1=0.576
[classical] P4 rf seed3 fold1 macroF1=0.511
[classical] P4 lr seed3 fold2 macroF1=0.612
[classical] P4 svm_rbf seed3 fold2 macroF1=0.550
[classical] P4 rf seed3 fold2 macroF1=0.489
[classical] P4 lr seed3 fold3 macroF1=0.625
[classical] P4 svm_rbf seed3 fold3 macroF1=0.558
[classical] P4 rf seed3 fold3 macroF1=0.600
[classical] P4 lr seed3 fold4 macroF1=0.695
[classical] P4 svm_rbf seed3 fold4 macroF1=0.709
[classical] P4 rf seed3 fold4 macroF1=0.685
[classical] P4 lr seed4 fold0 macroF1=0.730
[classical] P4 svm_rbf seed4 fold0 macroF1=0.600
[classical] P4 rf seed4 fold0 macroF1=0.659
[classical] P4 lr seed4 fold1 macroF1=0.576
[classical] P4 svm_rbf seed4 fold1 macroF1=0.683
[classical] P4 rf seed4 fold1 macroF1=0.600
[classical] P4 lr seed4 fold2 macroF1=0.722
[classical] P4 svm_rbf seed4 fold2 macroF1=0.700
[classical] P4 rf seed4 fold2 macroF1=0.625
[classical] P4 lr seed4 fold3 macroF1=0.597
[classical] P4 svm_rbf seed4 fold3 macroF1=0.576
[classical] P4 rf seed4 fold3 macroF1=0.700
[classical] P4 lr seed4 fold4 macroF1=0.707
[classical] P4 svm_rbf seed4 fold4 macroF1=0.626
[classical] P4 rf seed4 fold4 macroF1=0.655
[classical] P6 lr seed0 fold0 macroF1=0.744
[classical] P6 svm_rbf seed0 fold0 macroF1=0.775
[classical] P6 rf seed0 fold0 macroF1=0.641
[classical] P6 lr seed0 fold1 macroF1=0.778
[classical] P6 svm_rbf seed0 fold1 macroF1=0.713
[classical] P6 rf seed0 fold1 macroF1=0.631
[classical] P6 lr seed0 fold2 macroF1=0.631
[classical] P6 svm_rbf seed0 fold2 macroF1=0.689
[classical] P6 rf seed0 fold2 macroF1=0.659
[classical] P6 lr seed0 fold3 macroF1=0.612
[classical] P6 svm_rbf seed0 fold3 macroF1=0.524
[classical] P6 rf seed0 fold3 macroF1=0.498
[classical] P6 lr seed0 fold4 macroF1=0.597
[classical] P6 svm_rbf seed0 fold4 macroF1=0.655
[classical] P6 rf seed0 fold4 macroF1=0.741
[classical] P6 lr seed1 fold0 macroF1=0.689
[classical] P6 svm_rbf seed1 fold0 macroF1=0.653
[classical] P6 rf seed1 fold0 macroF1=0.653
[classical] P6 lr seed1 fold1 macroF1=0.653
[classical] P6 svm_rbf seed1 fold1 macroF1=0.877
[classical] P6 rf seed1 fold1 macroF1=0.807
[classical] P6 lr seed1 fold2 macroF1=0.542
[classical] P6 svm_rbf seed1 fold2 macroF1=0.542
[classical] P6 rf seed1 fold2 macroF1=0.583
[classical] P6 lr seed1 fold3 macroF1=0.713
[classical] P6 svm_rbf seed1 fold3 macroF1=0.670
[classical] P6 rf seed1 fold3 macroF1=0.631
[classical] P6 lr seed1 fold4 macroF1=0.648
[classical] P6 svm_rbf seed1 fold4 macroF1=0.653
[classical] P6 rf seed1 fold4 macroF1=0.709
[classical] P6 lr seed2 fold0 macroF1=0.670
[classical] P6 svm_rbf seed2 fold0 macroF1=0.631
[classical] P6 rf seed2 fold0 macroF1=0.653
[classical] P6 lr seed2 fold1 macroF1=0.795
[classical] P6 svm_rbf seed2 fold1 macroF1=0.795
[classical] P6 rf seed2 fold1 macroF1=0.744
[classical] P6 lr seed2 fold2 macroF1=0.670
[classical] P6 svm_rbf seed2 fold2 macroF1=0.670
[classical] P6 rf seed2 fold2 macroF1=0.583
[classical] P6 lr seed2 fold3 macroF1=0.653
[classical] P6 svm_rbf seed2 fold3 macroF1=0.785
[classical] P6 rf seed2 fold3 macroF1=0.817
[classical] P6 lr seed2 fold4 macroF1=0.568
[classical] P6 svm_rbf seed2 fold4 macroF1=0.653
[classical] P6 rf seed2 fold4 macroF1=0.678
[classical] P6 lr seed3 fold0 macroF1=0.625
[classical] P6 svm_rbf seed3 fold0 macroF1=0.683
[classical] P6 rf seed3 fold0 macroF1=0.597
[classical] P6 lr seed3 fold1 macroF1=0.653
[classical] P6 svm_rbf seed3 fold1 macroF1=0.700
[classical] P6 rf seed3 fold1 macroF1=0.730
[classical] P6 lr seed3 fold2 macroF1=0.631
[classical] P6 svm_rbf seed3 fold2 macroF1=0.524
[classical] P6 rf seed3 fold2 macroF1=0.511
[classical] P6 lr seed3 fold3 macroF1=0.600
[classical] P6 svm_rbf seed3 fold3 macroF1=0.400
[classical] P6 rf seed3 fold3 macroF1=0.689
[classical] P6 lr seed3 fold4 macroF1=0.780
[classical] P6 svm_rbf seed3 fold4 macroF1=0.839
[classical] P6 rf seed3 fold4 macroF1=0.758
[classical] P6 lr seed4 fold0 macroF1=0.659
[classical] P6 svm_rbf seed4 fold0 macroF1=0.744
[classical] P6 rf seed4 fold0 macroF1=0.744
[classical] P6 lr seed4 fold1 macroF1=0.576
[classical] P6 svm_rbf seed4 fold1 macroF1=0.744
[classical] P6 rf seed4 fold1 macroF1=0.700
[classical] P6 lr seed4 fold2 macroF1=0.785
[classical] P6 svm_rbf seed4 fold2 macroF1=0.653
[classical] P6 rf seed4 fold2 macroF1=0.524
[classical] P6 lr seed4 fold3 macroF1=0.475
[classical] P6 svm_rbf seed4 fold3 macroF1=0.659
[classical] P6 rf seed4 fold3 macroF1=0.641
[classical] P6 lr seed4 fold4 macroF1=0.678
[classical] P6 svm_rbf seed4 fold4 macroF1=0.655
[classical] P6 rf seed4 fold4 macroF1=0.597
[classical] P7 lr seed0 fold0 macroF1=0.597
[classical] P7 svm_rbf seed0 fold0 macroF1=0.778
[classical] P7 rf seed0 fold0 macroF1=0.683
[classical] P7 lr seed0 fold1 macroF1=0.760
[classical] P7 svm_rbf seed0 fold1 macroF1=0.603
[classical] P7 rf seed0 fold1 macroF1=0.466
[classical] P7 lr seed0 fold2 macroF1=0.569
[classical] P7 svm_rbf seed0 fold2 macroF1=0.603
[classical] P7 rf seed0 fold2 macroF1=0.511
[classical] P7 lr seed0 fold3 macroF1=0.422
[classical] P7 svm_rbf seed0 fold3 macroF1=0.325
[classical] P7 rf seed0 fold3 macroF1=0.365
[classical] P7 lr seed0 fold4 macroF1=0.554
[classical] P7 svm_rbf seed0 fold4 macroF1=0.554
[classical] P7 rf seed0 fold4 macroF1=0.475
[classical] P7 lr seed1 fold0 macroF1=0.641
[classical] P7 svm_rbf seed1 fold0 macroF1=0.603
[classical] P7 rf seed1 fold0 macroF1=0.422
[classical] P7 lr seed1 fold1 macroF1=0.583
[classical] P7 svm_rbf seed1 fold1 macroF1=0.499
[classical] P7 rf seed1 fold1 macroF1=0.441
[classical] P7 lr seed1 fold2 macroF1=0.625
[classical] P7 svm_rbf seed1 fold2 macroF1=0.631
[classical] P7 rf seed1 fold2 macroF1=0.524
[classical] P7 lr seed1 fold3 macroF1=0.576
[classical] P7 svm_rbf seed1 fold3 macroF1=0.569
[classical] P7 rf seed1 fold3 macroF1=0.498
[classical] P7 lr seed1 fold4 macroF1=0.431
[classical] P7 svm_rbf seed1 fold4 macroF1=0.597
[classical] P7 rf seed1 fold4 macroF1=0.482
[classical] P7 lr seed2 fold0 macroF1=0.574
[classical] P7 svm_rbf seed2 fold0 macroF1=0.603
[classical] P7 rf seed2 fold0 macroF1=0.549
[classical] P7 lr seed2 fold1 macroF1=0.641
[classical] P7 svm_rbf seed2 fold1 macroF1=0.574
[classical] P7 rf seed2 fold1 macroF1=0.631
[classical] P7 lr seed2 fold2 macroF1=0.475
[classical] P7 svm_rbf seed2 fold2 macroF1=0.524
[classical] P7 rf seed2 fold2 macroF1=0.524
[classical] P7 lr seed2 fold3 macroF1=0.722
[classical] P7 svm_rbf seed2 fold3 macroF1=0.612
[classical] P7 rf seed2 fold3 macroF1=0.641
[classical] P7 lr seed2 fold4 macroF1=0.542
[classical] P7 svm_rbf seed2 fold4 macroF1=0.607
[classical] P7 rf seed2 fold4 macroF1=0.554
[classical] P7 lr seed3 fold0 macroF1=0.498
[classical] P7 svm_rbf seed3 fold0 macroF1=0.524
[classical] P7 rf seed3 fold0 macroF1=0.475
[classical] P7 lr seed3 fold1 macroF1=0.623
[classical] P7 svm_rbf seed3 fold1 macroF1=0.475
[classical] P7 rf seed3 fold1 macroF1=0.489
[classical] P7 lr seed3 fold2 macroF1=0.598
[classical] P7 svm_rbf seed3 fold2 macroF1=0.631
[classical] P7 rf seed3 fold2 macroF1=0.549
[classical] P7 lr seed3 fold3 macroF1=0.542
[classical] P7 svm_rbf seed3 fold3 macroF1=0.558
[classical] P7 rf seed3 fold3 macroF1=0.460
[classical] P7 lr seed3 fold4 macroF1=0.618
[classical] P7 svm_rbf seed3 fold4 macroF1=0.655
[classical] P7 rf seed3 fold4 macroF1=0.597
[classical] P7 lr seed4 fold0 macroF1=0.641
[classical] P7 svm_rbf seed4 fold0 macroF1=0.659
[classical] P7 rf seed4 fold0 macroF1=0.422
[classical] P7 lr seed4 fold1 macroF1=0.422
[classical] P7 svm_rbf seed4 fold1 macroF1=0.511
[classical] P7 rf seed4 fold1 macroF1=0.489
[classical] P7 lr seed4 fold2 macroF1=0.597
[classical] P7 svm_rbf seed4 fold2 macroF1=0.534
[classical] P7 rf seed4 fold2 macroF1=0.534
[classical] P7 lr seed4 fold3 macroF1=0.471
[classical] P7 svm_rbf seed4 fold3 macroF1=0.466
[classical] P7 rf seed4 fold3 macroF1=0.489
[classical] P7 lr seed4 fold4 macroF1=0.529
[classical] P7 svm_rbf seed4 fold4 macroF1=0.455
[classical] P7 rf seed4 fold4 macroF1=0.455
                   mean     sd   n  ci95_lo  ci95_hi
pipeline model                                      
P1       lr       0.587  0.091  25    0.551    0.622
         rf       0.570  0.092  25    0.533    0.606
         svm_rbf  0.556  0.084  25    0.523    0.589
P2       lr       0.577  0.072  25    0.548    0.605
         rf       0.513  0.083  25    0.481    0.546
         svm_rbf  0.568  0.074  25    0.539    0.597
P3       lr       0.648  0.073  25    0.619    0.677
         rf       0.637  0.095  25    0.600    0.675
         svm_rbf  0.641  0.110  25    0.598    0.684
P4       lr       0.647  0.063  25    0.622    0.672
         rf       0.610  0.090  25    0.574    0.645
         svm_rbf  0.611  0.065  25    0.586    0.637
P6       lr       0.657  0.079  25    0.626    0.688
         rf       0.661  0.086  25    0.627    0.694
         svm_rbf  0.675  0.104  25    0.635    0.716
P7       lr       0.570  0.086  25    0.537    0.604
         rf       0.509  0.073  25    0.480    0.538
         svm_rbf  0.566  0.087  25    0.532    0.600

