[runner] A1_no_graph@P3xspatial|P3|identity|5|0|7aa0a63394  macroF1=0.389  epochs=21  16.1s
[runner] A1_no_graph@P3xspatial|P3|identity|5|1|7aa0a63394  macroF1=0.530  epochs=41  18.1s
[runner] A1_no_graph@P3xspatial|P3|identity|5|2|7aa0a63394  macroF1=0.694  epochs=35  15.5s
[runner] A1_no_graph@P3xspatial|P3|identity|5|3|7aa0a63394  macroF1=0.491  epochs=51  22.4s
[runner] A1_no_graph@P3xspatial|P3|identity|5|4|7aa0a63394  macroF1=0.458  epochs=21  9.4s
[runner] A1_no_graph@P3xspatial|P3|identity|6|0|7aa0a63394  macroF1=0.500  epochs=25  11.0s
[runner] A1_no_graph@P3xspatial|P3|identity|6|1|7aa0a63394  macroF1=0.598  epochs=30  13.5s
[runner] A1_no_graph@P3xspatial|P3|identity|6|2|7aa0a63394  macroF1=0.660  epochs=36  16.1s
[runner] A1_no_graph@P3xspatial|P3|identity|6|3|7aa0a63394  macroF1=0.575  epochs=49  22.4s
[runner] A1_no_graph@P3xspatial|P3|identity|6|4|7aa0a63394  macroF1=0.641  epochs=80  36.0s
[runner] A1_no_graph@P3xspatial|P3|identity|7|0|7aa0a63394  macroF1=0.418  epochs=43  19.1s
[runner] A1_no_graph@P3xspatial|P3|identity|7|1|7aa0a63394  macroF1=0.492  epochs=35  15.2s
[runner] A1_no_graph@P3xspatial|P3|identity|7|2|7aa0a63394  macroF1=0.504  epochs=58  25.9s
[runner] A1_no_graph@P3xspatial|P3|identity|7|3|7aa0a63394  macroF1=0.578  epochs=35  16.0s
[runner] A1_no_graph@P3xspatial|P3|identity|7|4|7aa0a63394  macroF1=0.648  epochs=47  21.1s
[runner] A1_no_graph@P3xspatial|P3|identity|8|0|7aa0a63394  macroF1=0.508  epochs=46  20.7s
[runner] A1_no_graph@P3xspatial|P3|identity|8|1|7aa0a63394  macroF1=0.653  epochs=45  20.7s
[runner] A1_no_graph@P3xspatial|P3|identity|8|2|7aa0a63394  macroF1=0.595  epochs=37  16.7s
[runner] A1_no_graph@P3xspatial|P3|identity|8|3|7aa0a63394  macroF1=0.505  epochs=38  16.7s
[runner] A1_no_graph@P3xspatial|P3|identity|8|4|7aa0a63394  macroF1=0.530  epochs=21  9.4s
[runner] A1_no_graph@P3xspatial|P3|identity|9|0|7aa0a63394  macroF1=0.721  epochs=30  12.9s
[runner] A1_no_graph@P3xspatial|P3|identity|9|1|7aa0a63394  macroF1=0.648  epochs=24  10.7s
[runner] A1_no_graph@P3xspatial|P3|identity|9|2|7aa0a63394  macroF1=0.690  epochs=69  31.7s
[runner] A1_no_graph@P3xspatial|P3|identity|9|3|7aa0a63394  macroF1=0.442  epochs=32  14.1s
[runner] A1_no_graph@P3xspatial|P3|identity|9|4|7aa0a63394  macroF1=0.694  epochs=44  20.0s
[runner] A2_random_graph@P3xspatial|P3|random|5|0|09c76b0b6d  macroF1=0.560  epochs=22  10.0s
[runner] A2_random_graph@P3xspatial|P3|random|5|1|09c76b0b6d  macroF1=0.472  epochs=40  18.0s
[runner] A2_random_graph@P3xspatial|P3|random|5|2|09c76b0b6d  macroF1=0.741  epochs=57  25.4s
[runner] A2_random_graph@P3xspatial|P3|random|5|3|09c76b0b6d  macroF1=0.542  epochs=25  11.1s
[runner] A2_random_graph@P3xspatial|P3|random|5|4|09c76b0b6d  macroF1=0.545  epochs=36  16.2s
[runner] A2_random_graph@P3xspatial|P3|random|6|0|09c76b0b6d  macroF1=0.382  epochs=38  16.6s
[runner] A2_random_graph@P3xspatial|P3|random|6|1|09c76b0b6d  macroF1=0.648  epochs=24  10.6s
[runner] A2_random_graph@P3xspatial|P3|random|6|2|09c76b0b6d  macroF1=0.708  epochs=63  27.9s
[runner] A2_random_graph@P3xspatial|P3|random|6|3|09c76b0b6d  macroF1=0.539  epochs=39  17.9s
[runner] A2_random_graph@P3xspatial|P3|random|6|4|09c76b0b6d  macroF1=0.679  epochs=40  18.0s
[runner] A2_random_graph@P3xspatial|P3|random|7|0|09c76b0b6d  macroF1=0.416  epochs=43  19.1s
[runner] A2_random_graph@P3xspatial|P3|random|7|1|09c76b0b6d  macroF1=0.637  epochs=24  10.6s
[runner] A2_random_graph@P3xspatial|P3|random|7|2|09c76b0b6d  macroF1=0.459  epochs=48  21.3s
[runner] A2_random_graph@P3xspatial|P3|random|7|3|09c76b0b6d  macroF1=0.591  epochs=36  16.5s
[runner] A2_random_graph@P3xspatial|P3|random|7|4|09c76b0b6d  macroF1=0.822  epochs=29  13.0s
[runner] A2_random_graph@P3xspatial|P3|random|8|0|09c76b0b6d  macroF1=0.558  epochs=54  24.6s
[runner] A2_random_graph@P3xspatial|P3|random|8|1|09c76b0b6d  macroF1=0.608  epochs=36  16.7s
[runner] A2_random_graph@P3xspatial|P3|random|8|2|09c76b0b6d  macroF1=0.602  epochs=38  17.3s
[runner] A2_random_graph@P3xspatial|P3|random|8|3|09c76b0b6d  macroF1=0.525  epochs=48  21.1s
[runner] A2_random_graph@P3xspatial|P3|random|8|4|09c76b0b6d  macroF1=0.530  epochs=21  9.3s
[runner] A2_random_graph@P3xspatial|P3|random|9|0|09c76b0b6d  macroF1=0.708  epochs=27  11.8s
[runner] A2_random_graph@P3xspatial|P3|random|9|1|09c76b0b6d  macroF1=0.525  epochs=23  10.3s
[runner] A2_random_graph@P3xspatial|P3|random|9|2|09c76b0b6d  macroF1=0.690  epochs=27  12.5s
[runner] A2_random_graph@P3xspatial|P3|random|9|3|09c76b0b6d  macroF1=0.487  epochs=35  15.3s
[runner] A2_random_graph@P3xspatial|P3|random|9|4|09c76b0b6d  macroF1=0.635  epochs=69  31.0s
[runner] A3_k3@P3xspatial|P3|spatial|5|0|37ca8afe87  macroF1=0.615  epochs=22  10.0s
[runner] A3_k3@P3xspatial|P3|spatial|5|1|37ca8afe87  macroF1=0.554  epochs=40  17.7s
[runner] A3_k3@P3xspatial|P3|spatial|5|2|37ca8afe87  macroF1=0.690  epochs=44  19.3s
[runner] A3_k3@P3xspatial|P3|spatial|5|3|37ca8afe87  macroF1=0.542  epochs=26  11.5s
[runner] A3_k3@P3xspatial|P3|spatial|5|4|37ca8afe87  macroF1=0.635  epochs=36  16.0s
[runner] A3_k3@P3xspatial|P3|spatial|6|0|37ca8afe87  macroF1=0.404  epochs=28  12.3s
[runner] A3_k3@P3xspatial|P3|spatial|6|1|37ca8afe87  macroF1=0.648  epochs=30  13.2s
[runner] A3_k3@P3xspatial|P3|spatial|6|2|37ca8afe87  macroF1=0.662  epochs=28  12.5s
[runner] A3_k3@P3xspatial|P3|spatial|6|3|37ca8afe87  macroF1=0.575  epochs=35  16.0s
[runner] A3_k3@P3xspatial|P3|spatial|6|4|37ca8afe87  macroF1=0.683  epochs=65  29.2s
[runner] A3_k3@P3xspatial|P3|spatial|7|0|37ca8afe87  macroF1=0.416  epochs=43  19.0s
[runner] A3_k3@P3xspatial|P3|spatial|7|1|37ca8afe87  macroF1=0.602  epochs=23  10.2s
[runner] A3_k3@P3xspatial|P3|spatial|7|2|37ca8afe87  macroF1=0.459  epochs=48  21.4s
[runner] A3_k3@P3xspatial|P3|spatial|7|3|37ca8afe87  macroF1=0.590  epochs=48  22.0s
[runner] A3_k3@P3xspatial|P3|spatial|7|4|37ca8afe87  macroF1=0.756  epochs=29  13.0s
[runner] A3_k3@P3xspatial|P3|spatial|8|0|37ca8afe87  macroF1=0.563  epochs=39  17.4s
[runner] A3_k3@P3xspatial|P3|spatial|8|1|37ca8afe87  macroF1=0.648  epochs=32  14.5s
[runner] A3_k3@P3xspatial|P3|spatial|8|2|37ca8afe87  macroF1=0.528  epochs=24  10.7s
[runner] A3_k3@P3xspatial|P3|spatial|8|3|37ca8afe87  macroF1=0.475  epochs=33  14.5s
[runner] A3_k3@P3xspatial|P3|spatial|8|4|37ca8afe87  macroF1=0.530  epochs=21  9.5s
[runner] A3_k3@P3xspatial|P3|spatial|9|0|37ca8afe87  macroF1=0.771  epochs=30  13.0s
[runner] A3_k3@P3xspatial|P3|spatial|9|1|37ca8afe87  macroF1=0.521  epochs=26  11.7s
[runner] A3_k3@P3xspatial|P3|spatial|9|2|37ca8afe87  macroF1=0.647  epochs=38  17.2s
[runner] A3_k3@P3xspatial|P3|spatial|9|3|37ca8afe87  macroF1=0.494  epochs=35  15.3s
[runner] A3_k3@P3xspatial|P3|spatial|9|4|37ca8afe87  macroF1=0.694  epochs=36  16.1s
[runner] A3_k6@P3xspatial|P3|spatial|5|0|abcb617e2b  macroF1=0.560  epochs=22  9.9s
[runner] A3_k6@P3xspatial|P3|spatial|5|1|abcb617e2b  macroF1=0.472  epochs=25  10.9s
[runner] A3_k6@P3xspatial|P3|spatial|5|2|abcb617e2b  macroF1=0.694  epochs=50  21.9s
[runner] A3_k6@P3xspatial|P3|spatial|5|3|abcb617e2b  macroF1=0.590  epochs=120  52.2s
[runner] A3_k6@P3xspatial|P3|spatial|5|4|abcb617e2b  macroF1=0.511  epochs=27  12.0s
[runner] A3_k6@P3xspatial|P3|spatial|6|0|abcb617e2b  macroF1=0.402  epochs=24  10.5s
[runner] A3_k6@P3xspatial|P3|spatial|6|1|abcb617e2b  macroF1=0.648  epochs=30  13.4s
[runner] A3_k6@P3xspatial|P3|spatial|6|2|abcb617e2b  macroF1=0.708  epochs=48  21.4s
[runner] A3_k6@P3xspatial|P3|spatial|6|3|abcb617e2b  macroF1=0.637  epochs=49  22.4s
[runner] A3_k6@P3xspatial|P3|spatial|6|4|abcb617e2b  macroF1=0.745  epochs=30  13.4s
[runner] A3_k6@P3xspatial|P3|spatial|7|0|abcb617e2b  macroF1=0.416  epochs=43  18.8s
[runner] A3_k6@P3xspatial|P3|spatial|7|1|abcb617e2b  macroF1=0.602  epochs=23  10.0s
[runner] A3_k6@P3xspatial|P3|spatial|7|2|abcb617e2b  macroF1=0.459  epochs=48  21.3s
[runner] A3_k6@P3xspatial|P3|spatial|7|3|abcb617e2b  macroF1=0.632  epochs=35  15.9s
[runner] A3_k6@P3xspatial|P3|spatial|7|4|abcb617e2b  macroF1=0.756  epochs=28  12.3s
[runner] A3_k6@P3xspatial|P3|spatial|8|0|abcb617e2b  macroF1=0.563  epochs=30  13.4s
[runner] A3_k6@P3xspatial|P3|spatial|8|1|abcb617e2b  macroF1=0.603  epochs=64  29.0s
[runner] A3_k6@P3xspatial|P3|spatial|8|2|abcb617e2b  macroF1=0.528  epochs=24  10.7s
[runner] A3_k6@P3xspatial|P3|spatial|8|3|abcb617e2b  macroF1=0.578  epochs=38  16.5s
[runner] A3_k6@P3xspatial|P3|spatial|8|4|abcb617e2b  macroF1=0.396  epochs=82  36.2s
[runner] A3_k6@P3xspatial|P3|spatial|9|0|abcb617e2b  macroF1=0.721  epochs=30  13.0s
[runner] A3_k6@P3xspatial|P3|spatial|9|1|abcb617e2b  macroF1=0.569  epochs=30  13.4s
[runner] A3_k6@P3xspatial|P3|spatial|9|2|abcb617e2b  macroF1=0.647  epochs=31  14.2s
[runner] A3_k6@P3xspatial|P3|spatial|9|3|abcb617e2b  macroF1=0.537  epochs=52  22.5s
[runner] A3_k6@P3xspatial|P3|spatial|9|4|abcb617e2b  macroF1=0.639  epochs=29  13.1s
[runner] A3_full@P3xspatial|P3|spatial|5|0|3ac9e3c62a  macroF1=0.538  epochs=21  9.3s
[runner] A3_full@P3xspatial|P3|spatial|5|1|3ac9e3c62a  macroF1=0.511  epochs=25  10.9s
[runner] A3_full@P3xspatial|P3|spatial|5|2|3ac9e3c62a  macroF1=0.690  epochs=25  10.6s
[runner] A3_full@P3xspatial|P3|spatial|5|3|3ac9e3c62a  macroF1=0.540  epochs=47  19.9s
[runner] A3_full@P3xspatial|P3|spatial|5|4|3ac9e3c62a  macroF1=0.545  epochs=55  23.7s
[runner] A3_full@P3xspatial|P3|spatial|6|0|3ac9e3c62a  macroF1=0.389  epochs=24  10.3s
[runner] A3_full@P3xspatial|P3|spatial|6|1|3ac9e3c62a  macroF1=0.649  epochs=24  10.4s
[runner] A3_full@P3xspatial|P3|spatial|6|2|3ac9e3c62a  macroF1=0.830  epochs=116  49.7s
[runner] A3_full@P3xspatial|P3|spatial|6|3|3ac9e3c62a  macroF1=0.440  epochs=49  21.4s
[runner] A3_full@P3xspatial|P3|spatial|6|4|3ac9e3c62a  macroF1=0.634  epochs=65  28.2s
[runner] A3_full@P3xspatial|P3|spatial|7|0|3ac9e3c62a  macroF1=0.511  epochs=41  17.9s
[runner] A3_full@P3xspatial|P3|spatial|7|1|3ac9e3c62a  macroF1=0.556  epochs=24  10.3s
[runner] A3_full@P3xspatial|P3|spatial|7|2|3ac9e3c62a  macroF1=0.500  epochs=48  20.7s
[runner] A3_full@P3xspatial|P3|spatial|7|3|3ac9e3c62a  macroF1=0.553  epochs=31  13.7s
[runner] A3_full@P3xspatial|P3|spatial|7|4|3ac9e3c62a  macroF1=0.763  epochs=29  12.4s
[runner] A3_full@P3xspatial|P3|spatial|8|0|3ac9e3c62a  macroF1=0.508  epochs=30  13.0s
[runner] A3_full@P3xspatial|P3|spatial|8|1|3ac9e3c62a  macroF1=0.608  epochs=36  15.9s
[runner] A3_full@P3xspatial|P3|spatial|8|2|3ac9e3c62a  macroF1=0.562  epochs=33  14.6s
[runner] A3_full@P3xspatial|P3|spatial|8|3|3ac9e3c62a  macroF1=0.465  epochs=28  12.0s
[runner] A3_full@P3xspatial|P3|spatial|8|4|3ac9e3c62a  macroF1=0.530  epochs=21  9.1s
[runner] A3_full@P3xspatial|P3|spatial|9|0|3ac9e3c62a  macroF1=0.538  epochs=24  10.1s
[runner] A3_full@P3xspatial|P3|spatial|9|1|3ac9e3c62a  macroF1=0.562  epochs=26  11.4s
[runner] A3_full@P3xspatial|P3|spatial|9|2|3ac9e3c62a  macroF1=0.608  epochs=44  19.5s
[runner] A3_full@P3xspatial|P3|spatial|9|3|3ac9e3c62a  macroF1=0.446  epochs=22  9.4s
[runner] A3_full@P3xspatial|P3|spatial|9|4|3ac9e3c62a  macroF1=0.622  epochs=61  26.5s
[runner] A4_binary@P3xspatial|P3|spatial|5|0|3a267f6510  macroF1=0.615  epochs=22  9.8s
[runner] A4_binary@P3xspatial|P3|spatial|5|1|3a267f6510  macroF1=0.546  epochs=25  11.0s
[runner] A4_binary@P3xspatial|P3|spatial|5|2|3a267f6510  macroF1=0.690  epochs=50  21.9s
[runner] A4_binary@P3xspatial|P3|spatial|5|3|3a267f6510  macroF1=0.542  epochs=26  11.4s
[runner] A4_binary@P3xspatial|P3|spatial|5|4|3a267f6510  macroF1=0.542  epochs=54  23.7s
[runner] A4_binary@P3xspatial|P3|spatial|6|0|3a267f6510  macroF1=0.382  epochs=33  14.4s
[runner] A4_binary@P3xspatial|P3|spatial|6|1|3a267f6510  macroF1=0.648  epochs=30  13.3s
[runner] A4_binary@P3xspatial|P3|spatial|6|2|3a267f6510  macroF1=0.708  epochs=77  34.2s
[runner] A4_binary@P3xspatial|P3|spatial|6|3|3a267f6510  macroF1=0.575  epochs=35  15.9s
[runner] A4_binary@P3xspatial|P3|spatial|6|4|3a267f6510  macroF1=0.745  epochs=30  13.3s
[runner] A4_binary@P3xspatial|P3|spatial|7|0|3a267f6510  macroF1=0.416  epochs=43  19.0s
[runner] A4_binary@P3xspatial|P3|spatial|7|1|3a267f6510  macroF1=0.602  epochs=23  10.1s
[runner] A4_binary@P3xspatial|P3|spatial|7|2|3a267f6510  macroF1=0.540  epochs=45  19.9s
[runner] A4_binary@P3xspatial|P3|spatial|7|3|3a267f6510  macroF1=0.578  epochs=31  14.1s
[runner] A4_binary@P3xspatial|P3|spatial|7|4|3a267f6510  macroF1=0.756  epochs=28  12.5s
[runner] A4_binary@P3xspatial|P3|spatial|8|0|3a267f6510  macroF1=0.563  epochs=50  22.3s
[runner] A4_binary@P3xspatial|P3|spatial|8|1|3a267f6510  macroF1=0.603  epochs=64  29.0s
[runner] A4_binary@P3xspatial|P3|spatial|8|2|3a267f6510  macroF1=0.528  epochs=24  10.7s
[runner] A4_binary@P3xspatial|P3|spatial|8|3|3a267f6510  macroF1=0.525  epochs=33  14.4s
[runner] A4_binary@P3xspatial|P3|spatial|8|4|3a267f6510  macroF1=0.530  epochs=21  9.3s
[runner] A4_binary@P3xspatial|P3|spatial|9|0|3a267f6510  macroF1=0.670  epochs=30  12.9s
[runner] A4_binary@P3xspatial|P3|spatial|9|1|3a267f6510  macroF1=0.562  epochs=26  11.6s
[runner] A4_binary@P3xspatial|P3|spatial|9|2|3a267f6510  macroF1=0.743  epochs=31  14.2s
[runner] A4_binary@P3xspatial|P3|spatial|9|3|3a267f6510  macroF1=0.537  epochs=44  19.0s
[runner] A4_binary@P3xspatial|P3|spatial|9|4|3a267f6510  macroF1=0.694  epochs=28  12.7s
[runner] A5_depth1@P3xspatial|P3|spatial|5|0|4b67334b29  macroF1=0.715  epochs=24  6.3s
[runner] A5_depth1@P3xspatial|P3|spatial|5|1|4b67334b29  macroF1=0.477  epochs=25  6.4s
[runner] A5_depth1@P3xspatial|P3|spatial|5|2|4b67334b29  macroF1=0.556  epochs=22  5.6s
[runner] A5_depth1@P3xspatial|P3|spatial|5|3|4b67334b29  macroF1=0.444  epochs=41  10.3s
[runner] A5_depth1@P3xspatial|P3|spatial|5|4|4b67334b29  macroF1=0.631  epochs=39  9.8s
[runner] A5_depth1@P3xspatial|P3|spatial|6|0|4b67334b29  macroF1=0.463  epochs=21  5.3s
[runner] A5_depth1@P3xspatial|P3|spatial|6|1|4b67334b29  macroF1=0.512  epochs=78  19.5s
[runner] A5_depth1@P3xspatial|P3|spatial|6|2|4b67334b29  macroF1=0.662  epochs=29  7.6s
[runner] A5_depth1@P3xspatial|P3|spatial|6|3|4b67334b29  macroF1=0.571  epochs=111  29.6s
[runner] A5_depth1@P3xspatial|P3|spatial|6|4|4b67334b29  macroF1=0.679  epochs=51  13.8s
[runner] A5_depth1@P3xspatial|P3|spatial|7|0|4b67334b29  macroF1=0.537  epochs=23  6.0s
[runner] A5_depth1@P3xspatial|P3|spatial|7|1|4b67334b29  macroF1=0.511  epochs=24  6.3s
[runner] A5_depth1@P3xspatial|P3|spatial|7|2|4b67334b29  macroF1=0.500  epochs=42  11.2s
[runner] A5_depth1@P3xspatial|P3|spatial|7|3|4b67334b29  macroF1=0.683  epochs=70  19.3s
[runner] A5_depth1@P3xspatial|P3|spatial|7|4|4b67334b29  macroF1=0.808  epochs=54  14.4s
[runner] A5_depth1@P3xspatial|P3|spatial|8|0|4b67334b29  macroF1=0.390  epochs=24  6.4s
[runner] A5_depth1@P3xspatial|P3|spatial|8|1|4b67334b29  macroF1=0.608  epochs=44  11.6s
[runner] A5_depth1@P3xspatial|P3|spatial|8|2|4b67334b29  macroF1=0.562  epochs=44  11.4s
[runner] A5_depth1@P3xspatial|P3|spatial|8|3|4b67334b29  macroF1=0.504  epochs=37  9.3s
[runner] A5_depth1@P3xspatial|P3|spatial|8|4|4b67334b29  macroF1=0.448  epochs=21  5.4s
[runner] A5_depth1@P3xspatial|P3|spatial|9|0|4b67334b29  macroF1=0.775  epochs=54  13.7s
[runner] A5_depth1@P3xspatial|P3|spatial|9|1|4b67334b29  macroF1=0.530  epochs=49  12.7s
[runner] A5_depth1@P3xspatial|P3|spatial|9|2|4b67334b29  macroF1=0.824  epochs=44  11.6s
[runner] A5_depth1@P3xspatial|P3|spatial|9|3|4b67334b29  macroF1=0.443  epochs=32  8.1s
[runner] A5_depth1@P3xspatial|P3|spatial|9|4|4b67334b29  macroF1=0.694  epochs=29  7.8s
[runner] A5_depth3@P3xspatial|P3|spatial|5|0|884e56d18f  macroF1=0.567  epochs=21  11.1s
[runner] A5_depth3@P3xspatial|P3|spatial|5|1|884e56d18f  macroF1=0.544  epochs=29  15.3s
[runner] A5_depth3@P3xspatial|P3|spatial|5|2|884e56d18f  macroF1=0.646  epochs=44  23.1s
[runner] A5_depth3@P3xspatial|P3|spatial|5|3|884e56d18f  macroF1=0.538  epochs=58  30.3s
[runner] A5_depth3@P3xspatial|P3|spatial|5|4|884e56d18f  macroF1=0.548  epochs=46  24.0s
[runner] A5_depth3@P3xspatial|P3|spatial|6|0|884e56d18f  macroF1=0.499  epochs=24  12.3s
[runner] A5_depth3@P3xspatial|P3|spatial|6|1|884e56d18f  macroF1=0.546  epochs=24  12.3s
[runner] A5_depth3@P3xspatial|P3|spatial|6|2|884e56d18f  macroF1=0.708  epochs=42  21.7s
[runner] A5_depth3@P3xspatial|P3|spatial|6|3|884e56d18f  macroF1=0.637  epochs=49  26.1s
[runner] A5_depth3@P3xspatial|P3|spatial|6|4|884e56d18f  macroF1=0.828  epochs=30  16.4s
[runner] A5_depth3@P3xspatial|P3|spatial|7|0|884e56d18f  macroF1=0.556  epochs=38  21.3s
[runner] A5_depth3@P3xspatial|P3|spatial|7|1|884e56d18f  macroF1=0.553  epochs=34  18.7s
[runner] A5_depth3@P3xspatial|P3|spatial|7|2|884e56d18f  macroF1=0.508  epochs=41  23.0s
[runner] A5_depth3@P3xspatial|P3|spatial|7|3|884e56d18f  macroF1=0.683  epochs=51  27.9s
[runner] A5_depth3@P3xspatial|P3|spatial|7|4|884e56d18f  macroF1=0.822  epochs=29  15.4s
[runner] A5_depth3@P3xspatial|P3|spatial|8|0|884e56d18f  macroF1=0.519  epochs=72  38.5s
[runner] A5_depth3@P3xspatial|P3|spatial|8|1|884e56d18f  macroF1=0.648  epochs=56  30.1s
[runner] A5_depth3@P3xspatial|P3|spatial|8|2|884e56d18f  macroF1=0.521  epochs=26  13.8s
[runner] A5_depth3@P3xspatial|P3|spatial|8|3|884e56d18f  macroF1=0.418  epochs=48  24.5s
[runner] A5_depth3@P3xspatial|P3|spatial|8|4|884e56d18f  macroF1=0.459  epochs=21  11.1s
[runner] A5_depth3@P3xspatial|P3|spatial|9|0|884e56d18f  macroF1=0.498  epochs=21  10.8s
[runner] A5_depth3@P3xspatial|P3|spatial|9|1|884e56d18f  macroF1=0.516  epochs=33  17.5s
[runner] A5_depth3@P3xspatial|P3|spatial|9|2|884e56d18f  macroF1=0.890  epochs=39  20.9s
[runner] A5_depth3@P3xspatial|P3|spatial|9|3|884e56d18f  macroF1=0.537  epochs=40  20.4s
[runner] A5_depth3@P3xspatial|P3|spatial|9|4|884e56d18f  macroF1=0.694  epochs=48  25.3s
[runner] A6_gat@P3xspatial|P3|spatial|5|0|30c5f263bc  macroF1=0.499  epochs=21  13.0s
[runner] A6_gat@P3xspatial|P3|spatial|5|1|30c5f263bc  macroF1=0.548  epochs=29  18.0s
[runner] A6_gat@P3xspatial|P3|spatial|5|2|30c5f263bc  macroF1=0.395  epochs=21  12.8s
[runner] A6_gat@P3xspatial|P3|spatial|5|3|30c5f263bc  macroF1=0.538  epochs=34  20.6s
[runner] A6_gat@P3xspatial|P3|spatial|5|4|30c5f263bc  macroF1=0.545  epochs=37  22.6s
[runner] A6_gat@P3xspatial|P3|spatial|6|0|30c5f263bc  macroF1=0.360  epochs=93  55.9s
[runner] A6_gat@P3xspatial|P3|spatial|6|1|30c5f263bc  macroF1=0.653  epochs=26  16.0s
[runner] A6_gat@P3xspatial|P3|spatial|6|2|30c5f263bc  macroF1=0.648  epochs=23  14.0s
[runner] A6_gat@P3xspatial|P3|spatial|6|3|30c5f263bc  macroF1=0.653  epochs=44  27.6s
[runner] A6_gat@P3xspatial|P3|spatial|6|4|30c5f263bc  macroF1=0.733  epochs=58  35.8s
[runner] A6_gat@P3xspatial|P3|spatial|7|0|30c5f263bc  macroF1=0.415  epochs=48  29.0s
[runner] A6_gat@P3xspatial|P3|spatial|7|1|30c5f263bc  macroF1=0.413  epochs=22  13.3s
[runner] A6_gat@P3xspatial|P3|spatial|7|2|30c5f263bc  macroF1=0.464  epochs=40  25.0s
[runner] A6_gat@P3xspatial|P3|spatial|7|3|30c5f263bc  macroF1=0.584  epochs=31  20.0s
[runner] A6_gat@P3xspatial|P3|spatial|7|4|30c5f263bc  macroF1=0.877  epochs=28  17.9s
[runner] A6_gat@P3xspatial|P3|spatial|8|0|30c5f263bc  macroF1=0.563  epochs=44  27.4s
[runner] A6_gat@P3xspatial|P3|spatial|8|1|30c5f263bc  macroF1=0.556  epochs=66  41.6s
[runner] A6_gat@P3xspatial|P3|spatial|8|2|30c5f263bc  macroF1=0.487  epochs=23  14.6s
[runner] A6_gat@P3xspatial|P3|spatial|8|3|30c5f263bc  macroF1=0.570  epochs=24  14.8s
[runner] A6_gat@P3xspatial|P3|spatial|8|4|30c5f263bc  macroF1=0.504  epochs=21  12.9s
[runner] A6_gat@P3xspatial|P3|spatial|9|0|30c5f263bc  macroF1=0.500  epochs=22  13.2s
[runner] A6_gat@P3xspatial|P3|spatial|9|1|30c5f263bc  macroF1=0.530  epochs=26  16.1s
[runner] A6_gat@P3xspatial|P3|spatial|9|2|30c5f263bc  macroF1=0.647  epochs=37  23.3s
[runner] A6_gat@P3xspatial|P3|spatial|9|3|30c5f263bc  macroF1=0.444  epochs=32  19.4s
[runner] A6_gat@P3xspatial|P3|spatial|9|4|30c5f263bc  macroF1=0.639  epochs=35  21.7s
[runner] A9_unweighted@P3xspatial|P3|spatial|5|0|6adb7f73ee  macroF1=0.499  epochs=21  9.5s
[runner] A9_unweighted@P3xspatial|P3|spatial|5|1|6adb7f73ee  macroF1=0.464  epochs=23  10.3s
[runner] A9_unweighted@P3xspatial|P3|spatial|5|2|6adb7f73ee  macroF1=0.690  epochs=50  22.5s
[runner] A9_unweighted@P3xspatial|P3|spatial|5|3|6adb7f73ee  macroF1=0.542  epochs=25  11.1s
[runner] A9_unweighted@P3xspatial|P3|spatial|5|4|6adb7f73ee  macroF1=0.538  epochs=77  34.2s
[runner] A9_unweighted@P3xspatial|P3|spatial|6|0|6adb7f73ee  macroF1=0.389  epochs=25  11.1s
[runner] A9_unweighted@P3xspatial|P3|spatial|6|1|6adb7f73ee  macroF1=0.653  epochs=24  10.9s
[runner] A9_unweighted@P3xspatial|P3|spatial|6|2|6adb7f73ee  macroF1=0.708  epochs=52  23.6s
[runner] A9_unweighted@P3xspatial|P3|spatial|6|3|6adb7f73ee  macroF1=0.641  epochs=35  16.3s
[runner] A9_unweighted@P3xspatial|P3|spatial|6|4|6adb7f73ee  macroF1=0.694  epochs=32  14.8s
[runner] A9_unweighted@P3xspatial|P3|spatial|7|0|6adb7f73ee  macroF1=0.416  epochs=43  19.4s
[runner] A9_unweighted@P3xspatial|P3|spatial|7|1|6adb7f73ee  macroF1=0.444  epochs=35  15.5s
[runner] A9_unweighted@P3xspatial|P3|spatial|7|2|6adb7f73ee  macroF1=0.500  epochs=26  11.8s
[runner] A9_unweighted@P3xspatial|P3|spatial|7|3|6adb7f73ee  macroF1=0.590  epochs=57  26.2s
[runner] A9_unweighted@P3xspatial|P3|spatial|7|4|6adb7f73ee  macroF1=0.766  epochs=31  14.0s
[runner] A9_unweighted@P3xspatial|P3|spatial|8|0|6adb7f73ee  macroF1=0.574  epochs=31  14.0s
[runner] A9_unweighted@P3xspatial|P3|spatial|8|1|6adb7f73ee  macroF1=0.648  epochs=36  16.7s
[runner] A9_unweighted@P3xspatial|P3|spatial|8|2|6adb7f73ee  macroF1=0.642  epochs=40  18.2s
[runner] A9_unweighted@P3xspatial|P3|spatial|8|3|6adb7f73ee  macroF1=0.525  epochs=32  14.3s
[runner] A9_unweighted@P3xspatial|P3|spatial|8|4|6adb7f73ee  macroF1=0.459  epochs=21  9.5s
[runner] A9_unweighted@P3xspatial|P3|spatial|9|0|6adb7f73ee  macroF1=0.713  epochs=29  13.2s
[runner] A9_unweighted@P3xspatial|P3|spatial|9|1|6adb7f73ee  macroF1=0.569  epochs=26  12.1s
[runner] A9_unweighted@P3xspatial|P3|spatial|9|2|6adb7f73ee  macroF1=0.647  epochs=42  20.1s
[runner] A9_unweighted@P3xspatial|P3|spatial|9|3|6adb7f73ee  macroF1=0.495  epochs=32  14.4s
[runner] A9_unweighted@P3xspatial|P3|spatial|9|4|6adb7f73ee  macroF1=0.694  epochs=29  13.5s
[runner] A12_residualized@P3xspatial|P3|spatial|5|0|27b8dd1a6f  macroF1=0.615  epochs=22  10.2s
[runner] A12_residualized@P3xspatial|P3|spatial|5|1|27b8dd1a6f  macroF1=0.463  epochs=42  19.1s
[runner] A12_residualized@P3xspatial|P3|spatial|5|2|27b8dd1a6f  macroF1=0.694  epochs=27  12.3s
[runner] A12_residualized@P3xspatial|P3|spatial|5|3|27b8dd1a6f  macroF1=0.390  epochs=22  10.0s
[runner] A12_residualized@P3xspatial|P3|spatial|5|4|27b8dd1a6f  macroF1=0.526  epochs=30  13.7s
[runner] A12_residualized@P3xspatial|P3|spatial|6|0|27b8dd1a6f  macroF1=0.500  epochs=24  10.9s
[runner] A12_residualized@P3xspatial|P3|spatial|6|1|27b8dd1a6f  macroF1=0.498  epochs=21  9.8s
[runner] A12_residualized@P3xspatial|P3|spatial|6|2|27b8dd1a6f  macroF1=0.667  epochs=58  26.3s
[runner] A12_residualized@P3xspatial|P3|spatial|6|3|27b8dd1a6f  macroF1=0.653  epochs=55  25.6s
[runner] A12_residualized@P3xspatial|P3|spatial|6|4|27b8dd1a6f  macroF1=0.780  epochs=33  14.8s
[runner] A12_residualized@P3xspatial|P3|spatial|7|0|27b8dd1a6f  macroF1=0.583  epochs=24  10.9s
[runner] A12_residualized@P3xspatial|P3|spatial|7|1|27b8dd1a6f  macroF1=0.653  epochs=40  17.8s
[runner] A12_residualized@P3xspatial|P3|spatial|7|2|27b8dd1a6f  macroF1=0.417  epochs=40  18.4s
[runner] A12_residualized@P3xspatial|P3|spatial|7|3|27b8dd1a6f  macroF1=0.443  epochs=31  14.6s
[runner] A12_residualized@P3xspatial|P3|spatial|7|4|27b8dd1a6f  macroF1=0.875  epochs=29  13.4s
[runner] A12_residualized@P3xspatial|P3|spatial|8|0|27b8dd1a6f  macroF1=0.445  epochs=22  10.4s
[runner] A12_residualized@P3xspatial|P3|spatial|8|1|27b8dd1a6f  macroF1=0.579  epochs=25  11.8s
[runner] A12_residualized@P3xspatial|P3|spatial|8|2|27b8dd1a6f  macroF1=0.606  epochs=24  11.3s
[runner] A12_residualized@P3xspatial|P3|spatial|8|3|27b8dd1a6f  macroF1=0.393  epochs=24  11.0s
[runner] A12_residualized@P3xspatial|P3|spatial|8|4|27b8dd1a6f  macroF1=0.530  epochs=21  9.8s
[runner] A12_residualized@P3xspatial|P3|spatial|9|0|27b8dd1a6f  macroF1=0.595  epochs=30  13.5s
[runner] A12_residualized@P3xspatial|P3|spatial|9|1|27b8dd1a6f  macroF1=0.528  epochs=24  11.0s
[runner] A12_residualized@P3xspatial|P3|spatial|9|2|27b8dd1a6f  macroF1=0.822  epochs=23  10.7s
[runner] A12_residualized@P3xspatial|P3|spatial|9|3|27b8dd1a6f  macroF1=0.446  epochs=32  14.2s
[runner] A12_residualized@P3xspatial|P3|spatial|9|4|27b8dd1a6f  macroF1=0.639  epochs=39  18.0s
[runner] RQ7_plus_P7@P3xspatial|P3|spatial|5|0|27b8dd1a6f  macroF1=0.499  epochs=21  9.9s
[runner] RQ7_plus_P7@P3xspatial|P3|spatial|5|1|27b8dd1a6f  macroF1=0.548  epochs=36  16.7s
[runner] RQ7_plus_P7@P3xspatial|P3|spatial|5|2|27b8dd1a6f  macroF1=0.716  epochs=32  14.8s
[runner] RQ7_plus_P7@P3xspatial|P3|spatial|5|3|27b8dd1a6f  macroF1=0.590  epochs=26  11.7s
[runner] RQ7_plus_P7@P3xspatial|P3|spatial|5|4|27b8dd1a6f  macroF1=0.495  epochs=50  22.8s
[runner] RQ7_plus_P7@P3xspatial|P3|spatial|6|0|27b8dd1a6f  macroF1=0.444  epochs=24  10.9s
[runner] RQ7_plus_P7@P3xspatial|P3|spatial|6|1|27b8dd1a6f  macroF1=0.649  epochs=26  12.0s
[runner] RQ7_plus_P7@P3xspatial|P3|spatial|6|2|27b8dd1a6f  macroF1=0.649  epochs=27  12.7s
[runner] RQ7_plus_P7@P3xspatial|P3|spatial|6|3|27b8dd1a6f  macroF1=0.635  epochs=44  21.2s
[runner] RQ7_plus_P7@P3xspatial|P3|spatial|6|4|27b8dd1a6f  macroF1=0.745  epochs=30  14.5s
[runner] RQ7_plus_P7@P3xspatial|P3|spatial|7|0|27b8dd1a6f  macroF1=0.424  epochs=23  10.8s
[runner] RQ7_plus_P7@P3xspatial|P3|spatial|7|1|27b8dd1a6f  macroF1=0.433  epochs=33  15.1s
[runner] RQ7_plus_P7@P3xspatial|P3|spatial|7|2|27b8dd1a6f  macroF1=0.581  epochs=43  19.7s
[runner] RQ7_plus_P7@P3xspatial|P3|spatial|7|3|27b8dd1a6f  macroF1=0.578  epochs=26  12.2s
[runner] RQ7_plus_P7@P3xspatial|P3|spatial|7|4|27b8dd1a6f  macroF1=0.745  epochs=37  16.9s
[runner] RQ7_plus_P7@P3xspatial|P3|spatial|8|0|27b8dd1a6f  macroF1=0.605  epochs=36  16.5s
[runner] RQ7_plus_P7@P3xspatial|P3|spatial|8|1|27b8dd1a6f  macroF1=0.608  epochs=42  19.8s
[runner] RQ7_plus_P7@P3xspatial|P3|spatial|8|2|27b8dd1a6f  macroF1=0.604  epochs=26  12.1s
[runner] RQ7_plus_P7@P3xspatial|P3|spatial|8|3|27b8dd1a6f  macroF1=0.524  epochs=24  10.7s
[runner] RQ7_plus_P7@P3xspatial|P3|spatial|8|4|27b8dd1a6f  macroF1=0.459  epochs=21  9.6s
[runner] RQ7_plus_P7@P3xspatial|P3|spatial|9|0|27b8dd1a6f  macroF1=0.613  epochs=36  16.1s
[runner] RQ7_plus_P7@P3xspatial|P3|spatial|9|1|27b8dd1a6f  macroF1=0.662  epochs=23  10.8s
[runner] RQ7_plus_P7@P3xspatial|P3|spatial|9|2|27b8dd1a6f  macroF1=0.821  epochs=26  12.7s
[runner] RQ7_plus_P7@P3xspatial|P3|spatial|9|3|27b8dd1a6f  macroF1=0.484  epochs=30  14.0s
[runner] RQ7_plus_P7@P3xspatial|P3|spatial|9|4|27b8dd1a6f  macroF1=0.588  epochs=52  24.3s
[runner] RQ7_pswe_edge@P3xspatial|P3|pswe|5|0|efd23b26c8  macroF1=0.560  epochs=22  10.2s
[runner] RQ7_pswe_edge@P3xspatial|P3|pswe|5|1|efd23b26c8  macroF1=0.517  epochs=45  20.4s
[runner] RQ7_pswe_edge@P3xspatial|P3|pswe|5|2|efd23b26c8  macroF1=0.648  epochs=57  25.8s
[runner] RQ7_pswe_edge@P3xspatial|P3|pswe|5|3|efd23b26c8  macroF1=0.501  epochs=31  13.9s
[runner] RQ7_pswe_edge@P3xspatial|P3|pswe|5|4|efd23b26c8  macroF1=0.431  epochs=21  9.6s
[runner] RQ7_pswe_edge@P3xspatial|P3|pswe|6|0|efd23b26c8  macroF1=0.404  epochs=27  12.0s
[runner] RQ7_pswe_edge@P3xspatial|P3|pswe|6|1|efd23b26c8  macroF1=0.598  epochs=30  13.6s
[runner] RQ7_pswe_edge@P3xspatial|P3|pswe|6|2|efd23b26c8  macroF1=0.660  epochs=23  10.5s
[runner] RQ7_pswe_edge@P3xspatial|P3|pswe|6|3|efd23b26c8  macroF1=0.641  epochs=49  22.7s
[runner] RQ7_pswe_edge@P3xspatial|P3|pswe|6|4|efd23b26c8  macroF1=0.492  epochs=21  9.5s
[runner] RQ7_pswe_edge@P3xspatial|P3|pswe|7|0|efd23b26c8  macroF1=0.418  epochs=39  17.5s
[runner] RQ7_pswe_edge@P3xspatial|P3|pswe|7|1|efd23b26c8  macroF1=0.458  epochs=24  10.7s
[runner] RQ7_pswe_edge@P3xspatial|P3|pswe|7|2|efd23b26c8  macroF1=0.511  epochs=51  22.9s
[runner] RQ7_pswe_edge@P3xspatial|P3|pswe|7|3|efd23b26c8  macroF1=0.633  epochs=46  21.2s
[runner] RQ7_pswe_edge@P3xspatial|P3|pswe|7|4|efd23b26c8  macroF1=0.683  epochs=29  13.0s
[runner] RQ7_pswe_edge@P3xspatial|P3|pswe|8|0|efd23b26c8  macroF1=0.574  epochs=31  14.2s
[runner] RQ7_pswe_edge@P3xspatial|P3|pswe|8|1|efd23b26c8  macroF1=0.653  epochs=39  18.1s
[runner] RQ7_pswe_edge@P3xspatial|P3|pswe|8|2|efd23b26c8  macroF1=0.562  epochs=55  25.5s
[runner] RQ7_pswe_edge@P3xspatial|P3|pswe|8|3|efd23b26c8  macroF1=0.504  epochs=32  14.2s
[runner] RQ7_pswe_edge@P3xspatial|P3|pswe|8|4|efd23b26c8  macroF1=0.497  epochs=37  16.6s
[runner] RQ7_pswe_edge@P3xspatial|P3|pswe|9|0|efd23b26c8  macroF1=0.776  epochs=43  18.6s
[runner] RQ7_pswe_edge@P3xspatial|P3|pswe|9|1|efd23b26c8  macroF1=0.569  epochs=24  10.9s
[runner] RQ7_pswe_edge@P3xspatial|P3|pswe|9|2|efd23b26c8  macroF1=0.697  epochs=64  29.6s
[runner] RQ7_pswe_edge@P3xspatial|P3|pswe|9|3|efd23b26c8  macroF1=0.448  epochs=32  14.3s
[runner] RQ7_pswe_edge@P3xspatial|P3|pswe|9|4|efd23b26c8  macroF1=0.588  epochs=57  26.1s
[runner] A10_window_split@P3xspatial|P3|spatial|5|0|27b8dd1a6f  macroF1=0.990  epochs=98  44.2s
[runner] A10_window_split@P3xspatial|P3|spatial|5|1|27b8dd1a6f  macroF1=0.965  epochs=99  44.5s
[runner] A10_window_split@P3xspatial|P3|spatial|5|2|27b8dd1a6f  macroF1=0.988  epochs=131  59.5s
[runner] A10_window_split@P3xspatial|P3|spatial|5|3|27b8dd1a6f  macroF1=0.988  epochs=200  90.2s
[runner] A10_window_split@P3xspatial|P3|spatial|5|4|27b8dd1a6f  macroF1=0.934  epochs=46  20.9s
[runner] A10_window_split@P3xspatial|P3|spatial|6|0|27b8dd1a6f  macroF1=0.975  epochs=200  90.2s
[runner] A10_window_split@P3xspatial|P3|spatial|6|1|27b8dd1a6f  macroF1=1.000  epochs=112  50.7s
[runner] A10_window_split@P3xspatial|P3|spatial|6|2|27b8dd1a6f  macroF1=0.967  epochs=71  32.4s
[runner] A10_window_split@P3xspatial|P3|spatial|6|3|27b8dd1a6f  macroF1=1.000  epochs=200  90.8s
[runner] A10_window_split@P3xspatial|P3|spatial|6|4|27b8dd1a6f  macroF1=0.988  epochs=64  28.5s
[runner] A10_window_split@P3xspatial|P3|spatial|7|0|27b8dd1a6f  macroF1=0.967  epochs=68  30.5s
[runner] A10_window_split@P3xspatial|P3|spatial|7|1|27b8dd1a6f  macroF1=1.000  epochs=168  76.7s
[runner] A10_window_split@P3xspatial|P3|spatial|7|2|27b8dd1a6f  macroF1=0.988  epochs=133  75.6s
[runner] A10_window_split@P3xspatial|P3|spatial|7|3|27b8dd1a6f  macroF1=1.000  epochs=154  74.8s
[runner] A10_window_split@P3xspatial|P3|spatial|7|4|27b8dd1a6f  macroF1=0.965  epochs=200  92.4s
[runner] A10_window_split@P3xspatial|P3|spatial|8|0|27b8dd1a6f  macroF1=1.000  epochs=200  90.5s
[runner] A10_window_split@P3xspatial|P3|spatial|8|1|27b8dd1a6f  macroF1=1.000  epochs=200  90.4s
[runner] A10_window_split@P3xspatial|P3|spatial|8|2|27b8dd1a6f  macroF1=1.000  epochs=99  44.5s
[runner] A10_window_split@P3xspatial|P3|spatial|8|3|27b8dd1a6f  macroF1=0.987  epochs=106  48.5s
[runner] A10_window_split@P3xspatial|P3|spatial|8|4|27b8dd1a6f  macroF1=0.954  epochs=67  30.7s
[runner] A10_window_split@P3xspatial|P3|spatial|9|0|27b8dd1a6f  macroF1=0.990  epochs=94  42.7s
[runner] A10_window_split@P3xspatial|P3|spatial|9|1|27b8dd1a6f  macroF1=0.990  epochs=143  64.8s
[runner] A10_window_split@P3xspatial|P3|spatial|9|2|27b8dd1a6f  macroF1=0.988  epochs=155  69.8s
[runner] A10_window_split@P3xspatial|P3|spatial|9|3|27b8dd1a6f  macroF1=0.976  epochs=200  90.4s
[runner] A10_window_split@P3xspatial|P3|spatial|9|4|27b8dd1a6f  macroF1=0.978  epochs=95  43.4s
{"runs_done": 350}

