[runner] A1_no_graph@P3xhybrid|P3|identity|5|0|7aa0a63394  macroF1=0.389  epochs=21  15.1s
[runner] A1_no_graph@P3xhybrid|P3|identity|5|1|7aa0a63394  macroF1=0.530  epochs=41  15.8s
[runner] A1_no_graph@P3xhybrid|P3|identity|5|2|7aa0a63394  macroF1=0.694  epochs=35  13.6s
[runner] A1_no_graph@P3xhybrid|P3|identity|5|3|7aa0a63394  macroF1=0.491  epochs=51  20.0s
[runner] A1_no_graph@P3xhybrid|P3|identity|5|4|7aa0a63394  macroF1=0.458  epochs=21  8.0s
[runner] A1_no_graph@P3xhybrid|P3|identity|6|0|7aa0a63394  macroF1=0.500  epochs=25  9.3s
[runner] A1_no_graph@P3xhybrid|P3|identity|6|1|7aa0a63394  macroF1=0.598  epochs=30  11.9s
[runner] A1_no_graph@P3xhybrid|P3|identity|6|2|7aa0a63394  macroF1=0.660  epochs=36  13.8s
[runner] A1_no_graph@P3xhybrid|P3|identity|6|3|7aa0a63394  macroF1=0.575  epochs=49  19.7s
[runner] A1_no_graph@P3xhybrid|P3|identity|6|4|7aa0a63394  macroF1=0.641  epochs=80  31.7s
[runner] A1_no_graph@P3xhybrid|P3|identity|7|0|7aa0a63394  macroF1=0.418  epochs=43  17.2s
[runner] A1_no_graph@P3xhybrid|P3|identity|7|1|7aa0a63394  macroF1=0.492  epochs=35  13.3s
[runner] A1_no_graph@P3xhybrid|P3|identity|7|2|7aa0a63394  macroF1=0.504  epochs=58  23.5s
[runner] A1_no_graph@P3xhybrid|P3|identity|7|3|7aa0a63394  macroF1=0.578  epochs=35  14.4s
[runner] A1_no_graph@P3xhybrid|P3|identity|7|4|7aa0a63394  macroF1=0.648  epochs=47  17.9s
[runner] A1_no_graph@P3xhybrid|P3|identity|8|0|7aa0a63394  macroF1=0.508  epochs=46  18.3s
[runner] A1_no_graph@P3xhybrid|P3|identity|8|1|7aa0a63394  macroF1=0.653  epochs=45  17.7s
[runner] A1_no_graph@P3xhybrid|P3|identity|8|2|7aa0a63394  macroF1=0.595  epochs=37  14.9s
[runner] A1_no_graph@P3xhybrid|P3|identity|8|3|7aa0a63394  macroF1=0.505  epochs=38  14.2s
[runner] A1_no_graph@P3xhybrid|P3|identity|8|4|7aa0a63394  macroF1=0.530  epochs=21  8.0s
[runner] A1_no_graph@P3xhybrid|P3|identity|9|0|7aa0a63394  macroF1=0.721  epochs=30  11.1s
[runner] A1_no_graph@P3xhybrid|P3|identity|9|1|7aa0a63394  macroF1=0.648  epochs=24  10.4s
[runner] A1_no_graph@P3xhybrid|P3|identity|9|2|7aa0a63394  macroF1=0.690  epochs=69  27.0s
[runner] A1_no_graph@P3xhybrid|P3|identity|9|3|7aa0a63394  macroF1=0.442  epochs=32  11.9s
[runner] A1_no_graph@P3xhybrid|P3|identity|9|4|7aa0a63394  macroF1=0.694  epochs=44  17.4s
[runner] A2_random_graph@P3xhybrid|P3|random|5|0|09c76b0b6d  macroF1=0.560  epochs=22  8.4s
[runner] A2_random_graph@P3xhybrid|P3|random|5|1|09c76b0b6d  macroF1=0.472  epochs=40  15.6s
[runner] A2_random_graph@P3xhybrid|P3|random|5|2|09c76b0b6d  macroF1=0.741  epochs=57  21.2s
[runner] A2_random_graph@P3xhybrid|P3|random|5|3|09c76b0b6d  macroF1=0.542  epochs=25  9.4s
[runner] A2_random_graph@P3xhybrid|P3|random|5|4|09c76b0b6d  macroF1=0.545  epochs=36  14.1s
[runner] A2_random_graph@P3xhybrid|P3|random|6|0|09c76b0b6d  macroF1=0.382  epochs=38  14.2s
[runner] A2_random_graph@P3xhybrid|P3|random|6|1|09c76b0b6d  macroF1=0.648  epochs=24  9.1s
[runner] A2_random_graph@P3xhybrid|P3|random|6|2|09c76b0b6d  macroF1=0.708  epochs=63  23.8s
[runner] A2_random_graph@P3xhybrid|P3|random|6|3|09c76b0b6d  macroF1=0.539  epochs=39  15.3s
[runner] A2_random_graph@P3xhybrid|P3|random|6|4|09c76b0b6d  macroF1=0.679  epochs=40  15.4s
[runner] A2_random_graph@P3xhybrid|P3|random|7|0|09c76b0b6d  macroF1=0.416  epochs=43  16.4s
[runner] A2_random_graph@P3xhybrid|P3|random|7|1|09c76b0b6d  macroF1=0.637  epochs=24  9.2s
[runner] A2_random_graph@P3xhybrid|P3|random|7|2|09c76b0b6d  macroF1=0.459  epochs=48  18.2s
[runner] A2_random_graph@P3xhybrid|P3|random|7|3|09c76b0b6d  macroF1=0.591  epochs=36  14.4s
[runner] A2_random_graph@P3xhybrid|P3|random|7|4|09c76b0b6d  macroF1=0.822  epochs=29  10.9s
[runner] A2_random_graph@P3xhybrid|P3|random|8|0|09c76b0b6d  macroF1=0.558  epochs=54  20.2s
[runner] A2_random_graph@P3xhybrid|P3|random|8|1|09c76b0b6d  macroF1=0.608  epochs=36  14.4s
[runner] A2_random_graph@P3xhybrid|P3|random|8|2|09c76b0b6d  macroF1=0.602  epochs=38  14.4s
[runner] A2_random_graph@P3xhybrid|P3|random|8|3|09c76b0b6d  macroF1=0.525  epochs=48  17.8s
[runner] A2_random_graph@P3xhybrid|P3|random|8|4|09c76b0b6d  macroF1=0.530  epochs=21  7.8s
[runner] A2_random_graph@P3xhybrid|P3|random|9|0|09c76b0b6d  macroF1=0.708  epochs=27  9.8s
[runner] A2_random_graph@P3xhybrid|P3|random|9|1|09c76b0b6d  macroF1=0.525  epochs=23  8.5s
[runner] A2_random_graph@P3xhybrid|P3|random|9|2|09c76b0b6d  macroF1=0.690  epochs=27  10.8s
[runner] A2_random_graph@P3xhybrid|P3|random|9|3|09c76b0b6d  macroF1=0.487  epochs=35  12.9s
[runner] A2_random_graph@P3xhybrid|P3|random|9|4|09c76b0b6d  macroF1=0.635  epochs=69  26.7s
[runner] A3_k3@P3xhybrid|P3|hybrid|5|0|12dfcceea0  macroF1=0.560  epochs=22  8.4s
[runner] A3_k3@P3xhybrid|P3|hybrid|5|1|12dfcceea0  macroF1=0.474  epochs=25  9.3s
[runner] A3_k3@P3xhybrid|P3|hybrid|5|2|12dfcceea0  macroF1=0.741  epochs=57  21.6s
[runner] A3_k3@P3xhybrid|P3|hybrid|5|3|12dfcceea0  macroF1=0.542  epochs=26  9.6s
[runner] A3_k3@P3xhybrid|P3|hybrid|5|4|12dfcceea0  macroF1=0.544  epochs=37  13.9s
[runner] A3_k3@P3xhybrid|P3|hybrid|6|0|12dfcceea0  macroF1=0.382  epochs=33  12.6s
[runner] A3_k3@P3xhybrid|P3|hybrid|6|1|12dfcceea0  macroF1=0.648  epochs=30  11.3s
[runner] A3_k3@P3xhybrid|P3|hybrid|6|2|12dfcceea0  macroF1=0.708  epochs=63  24.1s
[runner] A3_k3@P3xhybrid|P3|hybrid|6|3|12dfcceea0  macroF1=0.570  epochs=46  17.8s
[runner] A3_k3@P3xhybrid|P3|hybrid|6|4|12dfcceea0  macroF1=0.685  epochs=48  18.6s
[runner] A3_k3@P3xhybrid|P3|hybrid|7|0|12dfcceea0  macroF1=0.416  epochs=43  16.5s
[runner] A3_k3@P3xhybrid|P3|hybrid|7|1|12dfcceea0  macroF1=0.637  epochs=24  9.1s
[runner] A3_k3@P3xhybrid|P3|hybrid|7|2|12dfcceea0  macroF1=0.492  epochs=31  12.1s
[runner] A3_k3@P3xhybrid|P3|hybrid|7|3|12dfcceea0  macroF1=0.553  epochs=42  17.3s
[runner] A3_k3@P3xhybrid|P3|hybrid|7|4|12dfcceea0  macroF1=0.683  epochs=29  11.1s
[runner] A3_k3@P3xhybrid|P3|hybrid|8|0|12dfcceea0  macroF1=0.563  epochs=50  19.3s
[runner] A3_k3@P3xhybrid|P3|hybrid|8|1|12dfcceea0  macroF1=0.648  epochs=36  14.4s
[runner] A3_k3@P3xhybrid|P3|hybrid|8|2|12dfcceea0  macroF1=0.600  epochs=26  10.3s
[runner] A3_k3@P3xhybrid|P3|hybrid|8|3|12dfcceea0  macroF1=0.525  epochs=33  12.7s
[runner] A3_k3@P3xhybrid|P3|hybrid|8|4|12dfcceea0  macroF1=0.530  epochs=21  8.3s
[runner] A3_k3@P3xhybrid|P3|hybrid|9|0|12dfcceea0  macroF1=0.708  epochs=27  9.9s
[runner] A3_k3@P3xhybrid|P3|hybrid|9|1|12dfcceea0  macroF1=0.530  epochs=26  9.7s
[runner] A3_k3@P3xhybrid|P3|hybrid|9|2|12dfcceea0  macroF1=0.743  epochs=45  17.7s
[runner] A3_k3@P3xhybrid|P3|hybrid|9|3|12dfcceea0  macroF1=0.487  epochs=47  17.4s
[runner] A3_k3@P3xhybrid|P3|hybrid|9|4|12dfcceea0  macroF1=0.694  epochs=35  13.6s
[runner] A3_k6@P3xhybrid|P3|hybrid|5|0|a24c5f5cec  macroF1=0.583  epochs=21  7.9s
[runner] A3_k6@P3xhybrid|P3|hybrid|5|1|a24c5f5cec  macroF1=0.593  epochs=45  17.0s
[runner] A3_k6@P3xhybrid|P3|hybrid|5|2|a24c5f5cec  macroF1=0.738  epochs=27  10.1s
[runner] A3_k6@P3xhybrid|P3|hybrid|5|3|a24c5f5cec  macroF1=0.544  epochs=40  14.8s
[runner] A3_k6@P3xhybrid|P3|hybrid|5|4|a24c5f5cec  macroF1=0.544  epochs=83  31.0s
[runner] A3_k6@P3xhybrid|P3|hybrid|6|0|a24c5f5cec  macroF1=0.360  epochs=38  13.8s
[runner] A3_k6@P3xhybrid|P3|hybrid|6|1|a24c5f5cec  macroF1=0.648  epochs=24  8.7s
[runner] A3_k6@P3xhybrid|P3|hybrid|6|2|a24c5f5cec  macroF1=0.771  epochs=83  30.8s
[runner] A3_k6@P3xhybrid|P3|hybrid|6|3|a24c5f5cec  macroF1=0.539  epochs=41  15.5s
[runner] A3_k6@P3xhybrid|P3|hybrid|6|4|a24c5f5cec  macroF1=0.685  epochs=47  18.5s
[runner] A3_k6@P3xhybrid|P3|hybrid|7|0|a24c5f5cec  macroF1=0.467  epochs=37  15.4s
[runner] A3_k6@P3xhybrid|P3|hybrid|7|1|a24c5f5cec  macroF1=0.433  epochs=41  18.0s
[runner] A3_k6@P3xhybrid|P3|hybrid|7|2|a24c5f5cec  macroF1=0.463  epochs=31  14.3s
[runner] A3_k6@P3xhybrid|P3|hybrid|7|3|a24c5f5cec  macroF1=0.544  epochs=31  13.3s
[runner] A3_k6@P3xhybrid|P3|hybrid|7|4|a24c5f5cec  macroF1=0.756  epochs=28  13.1s
[runner] A3_k6@P3xhybrid|P3|hybrid|8|0|a24c5f5cec  macroF1=0.558  epochs=54  22.4s
[runner] A3_k6@P3xhybrid|P3|hybrid|8|1|a24c5f5cec  macroF1=0.603  epochs=58  25.9s
[runner] A3_k6@P3xhybrid|P3|hybrid|8|2|a24c5f5cec  macroF1=0.521  epochs=27  10.9s
[runner] A3_k6@P3xhybrid|P3|hybrid|8|3|a24c5f5cec  macroF1=0.525  epochs=32  13.4s
[runner] A3_k6@P3xhybrid|P3|hybrid|8|4|a24c5f5cec  macroF1=0.530  epochs=21  8.9s
[runner] A3_k6@P3xhybrid|P3|hybrid|9|0|a24c5f5cec  macroF1=0.498  epochs=30  11.8s
[runner] A3_k6@P3xhybrid|P3|hybrid|9|1|a24c5f5cec  macroF1=0.521  epochs=26  10.6s
[runner] A3_k6@P3xhybrid|P3|hybrid|9|2|a24c5f5cec  macroF1=0.647  epochs=77  33.9s
[runner] A3_k6@P3xhybrid|P3|hybrid|9|3|a24c5f5cec  macroF1=0.537  epochs=65  27.0s
[runner] A3_k6@P3xhybrid|P3|hybrid|9|4|a24c5f5cec  macroF1=0.579  epochs=22  9.2s
[runner] A3_full@P3xhybrid|P3|hybrid|5|0|70a1e9eaf9  macroF1=0.584  epochs=21  8.7s
[runner] A3_full@P3xhybrid|P3|hybrid|5|1|70a1e9eaf9  macroF1=0.472  epochs=40  17.4s
[runner] A3_full@P3xhybrid|P3|hybrid|5|2|70a1e9eaf9  macroF1=0.738  epochs=27  10.9s
[runner] A3_full@P3xhybrid|P3|hybrid|5|3|70a1e9eaf9  macroF1=0.590  epochs=32  12.7s
[runner] A3_full@P3xhybrid|P3|hybrid|5|4|70a1e9eaf9  macroF1=0.494  epochs=83  33.4s
[runner] A3_full@P3xhybrid|P3|hybrid|6|0|70a1e9eaf9  macroF1=0.324  epochs=55  22.5s
[runner] A3_full@P3xhybrid|P3|hybrid|6|1|70a1e9eaf9  macroF1=0.649  epochs=24  11.1s
[runner] A3_full@P3xhybrid|P3|hybrid|6|2|70a1e9eaf9  macroF1=0.764  epochs=63  25.9s
[runner] A3_full@P3xhybrid|P3|hybrid|6|3|70a1e9eaf9  macroF1=0.579  epochs=49  20.8s
[runner] A3_full@P3xhybrid|P3|hybrid|6|4|70a1e9eaf9  macroF1=0.763  epochs=58  25.0s
[runner] A3_full@P3xhybrid|P3|hybrid|7|0|70a1e9eaf9  macroF1=0.510  epochs=42  17.2s
[runner] A3_full@P3xhybrid|P3|hybrid|7|1|70a1e9eaf9  macroF1=0.637  epochs=24  9.6s
[runner] A3_full@P3xhybrid|P3|hybrid|7|2|70a1e9eaf9  macroF1=0.415  epochs=51  19.6s
[runner] A3_full@P3xhybrid|P3|hybrid|7|3|70a1e9eaf9  macroF1=0.637  epochs=57  22.9s
[runner] A3_full@P3xhybrid|P3|hybrid|7|4|70a1e9eaf9  macroF1=0.822  epochs=29  11.3s
[runner] A3_full@P3xhybrid|P3|hybrid|8|0|70a1e9eaf9  macroF1=0.395  epochs=22  8.6s
[runner] A3_full@P3xhybrid|P3|hybrid|8|1|70a1e9eaf9  macroF1=0.648  epochs=53  21.3s
[runner] A3_full@P3xhybrid|P3|hybrid|8|2|70a1e9eaf9  macroF1=0.602  epochs=40  15.1s
[runner] A3_full@P3xhybrid|P3|hybrid|8|3|70a1e9eaf9  macroF1=0.525  epochs=39  14.5s
[runner] A3_full@P3xhybrid|P3|hybrid|8|4|70a1e9eaf9  macroF1=0.530  epochs=21  8.2s
[runner] A3_full@P3xhybrid|P3|hybrid|9|0|70a1e9eaf9  macroF1=0.498  epochs=30  11.1s
[runner] A3_full@P3xhybrid|P3|hybrid|9|1|70a1e9eaf9  macroF1=0.561  epochs=23  9.0s
[runner] A3_full@P3xhybrid|P3|hybrid|9|2|70a1e9eaf9  macroF1=0.647  epochs=77  31.0s
[runner] A3_full@P3xhybrid|P3|hybrid|9|3|70a1e9eaf9  macroF1=0.446  epochs=22  8.5s
[runner] A3_full@P3xhybrid|P3|hybrid|9|4|70a1e9eaf9  macroF1=0.579  epochs=22  8.6s
[runner] A4_binary@P3xhybrid|P3|hybrid|5|0|f1419852f3  macroF1=0.584  epochs=21  8.6s
[runner] A4_binary@P3xhybrid|P3|hybrid|5|1|f1419852f3  macroF1=0.511  epochs=45  17.1s
[runner] A4_binary@P3xhybrid|P3|hybrid|5|2|f1419852f3  macroF1=0.816  epochs=57  22.8s
[runner] A4_binary@P3xhybrid|P3|hybrid|5|3|f1419852f3  macroF1=0.542  epochs=25  10.1s
[runner] A4_binary@P3xhybrid|P3|hybrid|5|4|f1419852f3  macroF1=0.545  epochs=36  14.1s
[runner] A4_binary@P3xhybrid|P3|hybrid|6|0|f1419852f3  macroF1=0.506  epochs=23  9.1s
[runner] A4_binary@P3xhybrid|P3|hybrid|6|1|f1419852f3  macroF1=0.648  epochs=24  10.4s
[runner] A4_binary@P3xhybrid|P3|hybrid|6|2|f1419852f3  macroF1=0.771  epochs=70  28.1s
[runner] A4_binary@P3xhybrid|P3|hybrid|6|3|f1419852f3  macroF1=0.539  epochs=36  15.8s
[runner] A4_binary@P3xhybrid|P3|hybrid|6|4|f1419852f3  macroF1=0.685  epochs=37  15.1s
[runner] A4_binary@P3xhybrid|P3|hybrid|7|0|f1419852f3  macroF1=0.416  epochs=43  18.2s
[runner] A4_binary@P3xhybrid|P3|hybrid|7|1|f1419852f3  macroF1=0.556  epochs=24  9.2s
[runner] A4_binary@P3xhybrid|P3|hybrid|7|2|f1419852f3  macroF1=0.463  epochs=45  18.2s
[runner] A4_binary@P3xhybrid|P3|hybrid|7|3|f1419852f3  macroF1=0.553  epochs=31  13.2s
[runner] A4_binary@P3xhybrid|P3|hybrid|7|4|f1419852f3  macroF1=0.679  epochs=29  11.7s
[runner] A4_binary@P3xhybrid|P3|hybrid|8|0|f1419852f3  macroF1=0.563  epochs=50  20.2s
[runner] A4_binary@P3xhybrid|P3|hybrid|8|1|f1419852f3  macroF1=0.608  epochs=45  17.4s
[runner] A4_binary@P3xhybrid|P3|hybrid|8|2|f1419852f3  macroF1=0.521  epochs=27  10.4s
[runner] A4_binary@P3xhybrid|P3|hybrid|8|3|f1419852f3  macroF1=0.578  epochs=35  14.1s
[runner] A4_binary@P3xhybrid|P3|hybrid|8|4|f1419852f3  macroF1=0.530  epochs=21  8.3s
[runner] A4_binary@P3xhybrid|P3|hybrid|9|0|f1419852f3  macroF1=0.498  epochs=30  11.4s
[runner] A4_binary@P3xhybrid|P3|hybrid|9|1|f1419852f3  macroF1=0.521  epochs=26  10.3s
[runner] A4_binary@P3xhybrid|P3|hybrid|9|2|f1419852f3  macroF1=0.743  epochs=27  13.1s
[runner] A4_binary@P3xhybrid|P3|hybrid|9|3|f1419852f3  macroF1=0.446  epochs=22  8.7s
[runner] A4_binary@P3xhybrid|P3|hybrid|9|4|f1419852f3  macroF1=0.484  epochs=54  21.6s
[runner] A5_depth1@P3xhybrid|P3|hybrid|5|0|1ef8393aa7  macroF1=0.715  epochs=24  6.8s
[runner] A5_depth1@P3xhybrid|P3|hybrid|5|1|1ef8393aa7  macroF1=0.544  epochs=25  6.2s
[runner] A5_depth1@P3xhybrid|P3|hybrid|5|2|1ef8393aa7  macroF1=0.556  epochs=22  5.2s
[runner] A5_depth1@P3xhybrid|P3|hybrid|5|3|1ef8393aa7  macroF1=0.454  epochs=48  11.3s
[runner] A5_depth1@P3xhybrid|P3|hybrid|5|4|1ef8393aa7  macroF1=0.631  epochs=60  16.4s
[runner] A5_depth1@P3xhybrid|P3|hybrid|6|0|1ef8393aa7  macroF1=0.379  epochs=50  11.8s
[runner] A5_depth1@P3xhybrid|P3|hybrid|6|1|1ef8393aa7  macroF1=0.595  epochs=52  12.3s
[runner] A5_depth1@P3xhybrid|P3|hybrid|6|2|1ef8393aa7  macroF1=0.662  epochs=31  7.6s
[runner] A5_depth1@P3xhybrid|P3|hybrid|6|3|1ef8393aa7  macroF1=0.587  epochs=68  17.6s
[runner] A5_depth1@P3xhybrid|P3|hybrid|6|4|1ef8393aa7  macroF1=0.634  epochs=50  11.8s
[runner] A5_depth1@P3xhybrid|P3|hybrid|7|0|1ef8393aa7  macroF1=0.537  epochs=23  5.5s
[runner] A5_depth1@P3xhybrid|P3|hybrid|7|1|1ef8393aa7  macroF1=0.511  epochs=24  6.1s
[runner] A5_depth1@P3xhybrid|P3|hybrid|7|2|1ef8393aa7  macroF1=0.500  epochs=42  10.9s
[runner] A5_depth1@P3xhybrid|P3|hybrid|7|3|1ef8393aa7  macroF1=0.632  epochs=60  15.1s
[runner] A5_depth1@P3xhybrid|P3|hybrid|7|4|1ef8393aa7  macroF1=0.814  epochs=26  6.2s
[runner] A5_depth1@P3xhybrid|P3|hybrid|8|0|1ef8393aa7  macroF1=0.390  epochs=25  6.3s
[runner] A5_depth1@P3xhybrid|P3|hybrid|8|1|1ef8393aa7  macroF1=0.608  epochs=47  12.0s
[runner] A5_depth1@P3xhybrid|P3|hybrid|8|2|1ef8393aa7  macroF1=0.562  epochs=44  10.8s
[runner] A5_depth1@P3xhybrid|P3|hybrid|8|3|1ef8393aa7  macroF1=0.465  epochs=56  13.3s
[runner] A5_depth1@P3xhybrid|P3|hybrid|8|4|1ef8393aa7  macroF1=0.448  epochs=21  5.5s
[runner] A5_depth1@P3xhybrid|P3|hybrid|9|0|1ef8393aa7  macroF1=0.775  epochs=77  18.6s
[runner] A5_depth1@P3xhybrid|P3|hybrid|9|1|1ef8393aa7  macroF1=0.653  epochs=31  7.9s
[runner] A5_depth1@P3xhybrid|P3|hybrid|9|2|1ef8393aa7  macroF1=0.824  epochs=52  13.4s
[runner] A5_depth1@P3xhybrid|P3|hybrid|9|3|1ef8393aa7  macroF1=0.487  epochs=39  9.8s
[runner] A5_depth1@P3xhybrid|P3|hybrid|9|4|1ef8393aa7  macroF1=0.694  epochs=41  10.2s
[runner] A5_depth3@P3xhybrid|P3|hybrid|5|0|41d7a14fe3  macroF1=0.499  epochs=21  10.0s
[runner] A5_depth3@P3xhybrid|P3|hybrid|5|1|41d7a14fe3  macroF1=0.466  epochs=29  14.7s
[runner] A5_depth3@P3xhybrid|P3|hybrid|5|2|41d7a14fe3  macroF1=0.648  epochs=37  17.0s
[runner] A5_depth3@P3xhybrid|P3|hybrid|5|3|41d7a14fe3  macroF1=0.540  epochs=58  27.7s
[runner] A5_depth3@P3xhybrid|P3|hybrid|5|4|41d7a14fe3  macroF1=0.496  epochs=46  21.5s
[runner] A5_depth3@P3xhybrid|P3|hybrid|6|0|41d7a14fe3  macroF1=0.499  epochs=24  11.6s
[runner] A5_depth3@P3xhybrid|P3|hybrid|6|1|41d7a14fe3  macroF1=0.508  epochs=22  10.1s
[runner] A5_depth3@P3xhybrid|P3|hybrid|6|2|41d7a14fe3  macroF1=0.662  epochs=22  10.2s
[runner] A5_depth3@P3xhybrid|P3|hybrid|6|3|41d7a14fe3  macroF1=0.579  epochs=45  22.8s
[runner] A5_depth3@P3xhybrid|P3|hybrid|6|4|41d7a14fe3  macroF1=0.763  epochs=33  15.5s
[runner] A5_depth3@P3xhybrid|P3|hybrid|7|0|41d7a14fe3  macroF1=0.463  epochs=41  19.4s
[runner] A5_depth3@P3xhybrid|P3|hybrid|7|1|41d7a14fe3  macroF1=0.404  epochs=45  19.8s
[runner] A5_depth3@P3xhybrid|P3|hybrid|7|2|41d7a14fe3  macroF1=0.544  epochs=31  14.0s
[runner] A5_depth3@P3xhybrid|P3|hybrid|7|3|41d7a14fe3  macroF1=0.683  epochs=51  24.1s
[runner] A5_depth3@P3xhybrid|P3|hybrid|7|4|41d7a14fe3  macroF1=0.752  epochs=24  11.4s
[runner] A5_depth3@P3xhybrid|P3|hybrid|8|0|41d7a14fe3  macroF1=0.563  epochs=44  22.3s
[runner] A5_depth3@P3xhybrid|P3|hybrid|8|1|41d7a14fe3  macroF1=0.648  epochs=45  21.6s
[runner] A5_depth3@P3xhybrid|P3|hybrid|8|2|41d7a14fe3  macroF1=0.600  epochs=24  12.5s
[runner] A5_depth3@P3xhybrid|P3|hybrid|8|3|41d7a14fe3  macroF1=0.619  epochs=43  20.5s
[runner] A5_depth3@P3xhybrid|P3|hybrid|8|4|41d7a14fe3  macroF1=0.530  epochs=21  10.5s
[runner] A5_depth3@P3xhybrid|P3|hybrid|9|0|41d7a14fe3  macroF1=0.498  epochs=21  9.6s
[runner] A5_depth3@P3xhybrid|P3|hybrid|9|1|41d7a14fe3  macroF1=0.653  epochs=27  13.0s
[runner] A5_depth3@P3xhybrid|P3|hybrid|9|2|41d7a14fe3  macroF1=0.890  epochs=39  19.9s
[runner] A5_depth3@P3xhybrid|P3|hybrid|9|3|41d7a14fe3  macroF1=0.535  epochs=36  17.0s
[runner] A5_depth3@P3xhybrid|P3|hybrid|9|4|41d7a14fe3  macroF1=0.694  epochs=35  17.0s
[runner] A6_gat@P3xhybrid|P3|hybrid|5|0|de644f35b8  macroF1=0.389  epochs=21  14.6s
[runner] A6_gat@P3xhybrid|P3|hybrid|5|1|de644f35b8  macroF1=0.544  epochs=31  20.5s
[runner] A6_gat@P3xhybrid|P3|hybrid|5|2|de644f35b8  macroF1=0.395  epochs=21  15.1s
[runner] A6_gat@P3xhybrid|P3|hybrid|5|3|de644f35b8  macroF1=0.594  epochs=50  31.3s
[runner] A6_gat@P3xhybrid|P3|hybrid|5|4|de644f35b8  macroF1=0.545  epochs=46  28.7s
[runner] A6_gat@P3xhybrid|P3|hybrid|6|0|de644f35b8  macroF1=0.500  epochs=28  17.7s
[runner] A6_gat@P3xhybrid|P3|hybrid|6|1|de644f35b8  macroF1=0.560  epochs=26  16.1s
[runner] A6_gat@P3xhybrid|P3|hybrid|6|2|de644f35b8  macroF1=0.771  epochs=59  37.8s
[runner] A6_gat@P3xhybrid|P3|hybrid|6|3|de644f35b8  macroF1=0.590  epochs=48  32.3s
[runner] A6_gat@P3xhybrid|P3|hybrid|6|4|de644f35b8  macroF1=0.679  epochs=52  31.5s
[runner] A6_gat@P3xhybrid|P3|hybrid|7|0|de644f35b8  macroF1=0.548  epochs=23  14.2s
[runner] A6_gat@P3xhybrid|P3|hybrid|7|1|de644f35b8  macroF1=0.433  epochs=29  18.1s
[runner] A6_gat@P3xhybrid|P3|hybrid|7|2|de644f35b8  macroF1=0.464  epochs=40  25.3s
[runner] A6_gat@P3xhybrid|P3|hybrid|7|3|de644f35b8  macroF1=0.590  epochs=35  22.3s
[runner] A6_gat@P3xhybrid|P3|hybrid|7|4|de644f35b8  macroF1=0.702  epochs=28  17.0s
[runner] A6_gat@P3xhybrid|P3|hybrid|8|0|de644f35b8  macroF1=0.558  epochs=52  32.5s
[runner] A6_gat@P3xhybrid|P3|hybrid|8|1|de644f35b8  macroF1=0.560  epochs=56  34.7s
[runner] A6_gat@P3xhybrid|P3|hybrid|8|2|de644f35b8  macroF1=0.530  epochs=28  16.2s
[runner] A6_gat@P3xhybrid|P3|hybrid|8|3|de644f35b8  macroF1=0.465  epochs=41  25.3s
[runner] A6_gat@P3xhybrid|P3|hybrid|8|4|de644f35b8  macroF1=0.465  epochs=36  21.7s
[runner] A6_gat@P3xhybrid|P3|hybrid|9|0|de644f35b8  macroF1=0.595  epochs=38  22.6s
[runner] A6_gat@P3xhybrid|P3|hybrid|9|1|de644f35b8  macroF1=0.608  epochs=23  14.1s
[runner] A6_gat@P3xhybrid|P3|hybrid|9|2|de644f35b8  macroF1=0.824  epochs=44  27.5s
[runner] A6_gat@P3xhybrid|P3|hybrid|9|3|de644f35b8  macroF1=0.496  epochs=37  21.8s
[runner] A6_gat@P3xhybrid|P3|hybrid|9|4|de644f35b8  macroF1=0.535  epochs=35  21.7s
[runner] A9_unweighted@P3xhybrid|P3|hybrid|5|0|d87f7b814d  macroF1=0.499  epochs=21  8.0s
[runner] A9_unweighted@P3xhybrid|P3|hybrid|5|1|d87f7b814d  macroF1=0.483  epochs=40  15.1s
[runner] A9_unweighted@P3xhybrid|P3|hybrid|5|2|d87f7b814d  macroF1=0.713  epochs=44  16.4s
[runner] A9_unweighted@P3xhybrid|P3|hybrid|5|3|d87f7b814d  macroF1=0.542  epochs=25  9.3s
[runner] A9_unweighted@P3xhybrid|P3|hybrid|5|4|d87f7b814d  macroF1=0.538  epochs=99  37.0s
[runner] A9_unweighted@P3xhybrid|P3|hybrid|6|0|d87f7b814d  macroF1=0.382  epochs=33  12.3s
[runner] A9_unweighted@P3xhybrid|P3|hybrid|6|1|d87f7b814d  macroF1=0.653  epochs=24  8.9s
[runner] A9_unweighted@P3xhybrid|P3|hybrid|6|2|d87f7b814d  macroF1=0.662  epochs=46  16.9s
[runner] A9_unweighted@P3xhybrid|P3|hybrid|6|3|d87f7b814d  macroF1=0.570  epochs=35  13.3s
[runner] A9_unweighted@P3xhybrid|P3|hybrid|6|4|d87f7b814d  macroF1=0.594  epochs=30  11.4s
[runner] A9_unweighted@P3xhybrid|P3|hybrid|7|0|d87f7b814d  macroF1=0.416  epochs=43  15.8s
[runner] A9_unweighted@P3xhybrid|P3|hybrid|7|1|d87f7b814d  macroF1=0.500  epochs=34  12.5s
[runner] A9_unweighted@P3xhybrid|P3|hybrid|7|2|d87f7b814d  macroF1=0.500  epochs=58  21.7s
[runner] A9_unweighted@P3xhybrid|P3|hybrid|7|3|d87f7b814d  macroF1=0.596  epochs=34  13.0s
[runner] A9_unweighted@P3xhybrid|P3|hybrid|7|4|d87f7b814d  macroF1=0.639  epochs=26  9.9s
[runner] A9_unweighted@P3xhybrid|P3|hybrid|8|0|d87f7b814d  macroF1=0.563  epochs=39  14.8s
[runner] A9_unweighted@P3xhybrid|P3|hybrid|8|1|d87f7b814d  macroF1=0.603  epochs=64  24.5s
[runner] A9_unweighted@P3xhybrid|P3|hybrid|8|2|d87f7b814d  macroF1=0.602  epochs=40  15.0s
[runner] A9_unweighted@P3xhybrid|P3|hybrid|8|3|d87f7b814d  macroF1=0.525  epochs=32  11.8s
[runner] A9_unweighted@P3xhybrid|P3|hybrid|8|4|d87f7b814d  macroF1=0.459  epochs=21  7.9s
[runner] A9_unweighted@P3xhybrid|P3|hybrid|9|0|d87f7b814d  macroF1=0.771  epochs=30  11.1s
[runner] A9_unweighted@P3xhybrid|P3|hybrid|9|1|d87f7b814d  macroF1=0.521  epochs=26  9.7s
[runner] A9_unweighted@P3xhybrid|P3|hybrid|9|2|d87f7b814d  macroF1=0.824  epochs=35  13.4s
[runner] A9_unweighted@P3xhybrid|P3|hybrid|9|3|d87f7b814d  macroF1=0.537  epochs=47  17.3s
[runner] A9_unweighted@P3xhybrid|P3|hybrid|9|4|d87f7b814d  macroF1=0.694  epochs=57  21.7s
[runner] A12_residualized@P3xhybrid|P3|hybrid|5|0|e1ca495784  macroF1=0.615  epochs=22  8.5s
[runner] A12_residualized@P3xhybrid|P3|hybrid|5|1|e1ca495784  macroF1=0.376  epochs=23  8.8s
[runner] A12_residualized@P3xhybrid|P3|hybrid|5|2|e1ca495784  macroF1=0.693  epochs=25  9.5s
[runner] A12_residualized@P3xhybrid|P3|hybrid|5|3|e1ca495784  macroF1=0.390  epochs=22  8.4s
[runner] A12_residualized@P3xhybrid|P3|hybrid|5|4|e1ca495784  macroF1=0.475  epochs=28  10.4s
[runner] A12_residualized@P3xhybrid|P3|hybrid|6|0|e1ca495784  macroF1=0.500  epochs=24  8.9s
[runner] A12_residualized@P3xhybrid|P3|hybrid|6|1|e1ca495784  macroF1=0.517  epochs=30  11.3s
[runner] A12_residualized@P3xhybrid|P3|hybrid|6|2|e1ca495784  macroF1=0.591  epochs=22  8.4s
[runner] A12_residualized@P3xhybrid|P3|hybrid|6|3|e1ca495784  macroF1=0.653  epochs=75  29.2s
[runner] A12_residualized@P3xhybrid|P3|hybrid|6|4|e1ca495784  macroF1=0.780  epochs=33  12.6s
[runner] A12_residualized@P3xhybrid|P3|hybrid|7|0|e1ca495784  macroF1=0.583  epochs=23  8.6s
[runner] A12_residualized@P3xhybrid|P3|hybrid|7|1|e1ca495784  macroF1=0.643  epochs=23  8.9s
[runner] A12_residualized@P3xhybrid|P3|hybrid|7|2|e1ca495784  macroF1=0.417  epochs=40  15.5s
[runner] A12_residualized@P3xhybrid|P3|hybrid|7|3|e1ca495784  macroF1=0.443  epochs=33  12.6s
[runner] A12_residualized@P3xhybrid|P3|hybrid|7|4|e1ca495784  macroF1=0.875  epochs=42  15.8s
[runner] A12_residualized@P3xhybrid|P3|hybrid|8|0|e1ca495784  macroF1=0.390  epochs=22  8.4s
[runner] A12_residualized@P3xhybrid|P3|hybrid|8|1|e1ca495784  macroF1=0.579  epochs=23  8.7s
[runner] A12_residualized@P3xhybrid|P3|hybrid|8|2|e1ca495784  macroF1=0.569  epochs=24  9.2s
[runner] A12_residualized@P3xhybrid|P3|hybrid|8|3|e1ca495784  macroF1=0.452  epochs=42  16.4s
[runner] A12_residualized@P3xhybrid|P3|hybrid|8|4|e1ca495784  macroF1=0.530  epochs=21  8.2s
[runner] A12_residualized@P3xhybrid|P3|hybrid|9|0|e1ca495784  macroF1=0.538  epochs=24  9.4s
[runner] A12_residualized@P3xhybrid|P3|hybrid|9|1|e1ca495784  macroF1=0.348  epochs=49  20.0s
[runner] A12_residualized@P3xhybrid|P3|hybrid|9|2|e1ca495784  macroF1=0.770  epochs=23  9.5s
[runner] A12_residualized@P3xhybrid|P3|hybrid|9|3|e1ca495784  macroF1=0.484  epochs=28  11.1s
[runner] A12_residualized@P3xhybrid|P3|hybrid|9|4|e1ca495784  macroF1=0.559  epochs=34  14.0s
[runner] RQ7_plus_P7@P3xhybrid|P3|hybrid|5|0|e1ca495784  macroF1=0.499  epochs=21  8.6s
[runner] RQ7_plus_P7@P3xhybrid|P3|hybrid|5|1|e1ca495784  macroF1=0.518  epochs=42  16.6s
[runner] RQ7_plus_P7@P3xhybrid|P3|hybrid|5|2|e1ca495784  macroF1=0.646  epochs=45  17.7s
[runner] RQ7_plus_P7@P3xhybrid|P3|hybrid|5|3|e1ca495784  macroF1=0.505  epochs=47  18.0s
[runner] RQ7_plus_P7@P3xhybrid|P3|hybrid|5|4|e1ca495784  macroF1=0.581  epochs=28  10.9s
[runner] RQ7_plus_P7@P3xhybrid|P3|hybrid|6|0|e1ca495784  macroF1=0.444  epochs=24  9.3s
[runner] RQ7_plus_P7@P3xhybrid|P3|hybrid|6|1|e1ca495784  macroF1=0.649  epochs=24  9.1s
[runner] RQ7_plus_P7@P3xhybrid|P3|hybrid|6|2|e1ca495784  macroF1=0.605  epochs=27  10.3s
[runner] RQ7_plus_P7@P3xhybrid|P3|hybrid|6|3|e1ca495784  macroF1=0.642  epochs=28  11.1s
[runner] RQ7_plus_P7@P3xhybrid|P3|hybrid|6|4|e1ca495784  macroF1=0.694  epochs=56  21.8s
[runner] RQ7_plus_P7@P3xhybrid|P3|hybrid|7|0|e1ca495784  macroF1=0.494  epochs=23  9.3s
[runner] RQ7_plus_P7@P3xhybrid|P3|hybrid|7|1|e1ca495784  macroF1=0.556  epochs=27  11.0s
[runner] RQ7_plus_P7@P3xhybrid|P3|hybrid|7|2|e1ca495784  macroF1=0.463  epochs=45  18.6s
[runner] RQ7_plus_P7@P3xhybrid|P3|hybrid|7|3|e1ca495784  macroF1=0.505  epochs=28  11.5s
[runner] RQ7_plus_P7@P3xhybrid|P3|hybrid|7|4|e1ca495784  macroF1=0.756  epochs=26  9.8s
[runner] RQ7_plus_P7@P3xhybrid|P3|hybrid|8|0|e1ca495784  macroF1=0.556  epochs=24  9.9s
[runner] RQ7_plus_P7@P3xhybrid|P3|hybrid|8|1|e1ca495784  macroF1=0.620  epochs=42  16.1s
[runner] RQ7_plus_P7@P3xhybrid|P3|hybrid|8|2|e1ca495784  macroF1=0.444  epochs=21  8.1s
[runner] RQ7_plus_P7@P3xhybrid|P3|hybrid|8|3|e1ca495784  macroF1=0.568  epochs=28  11.5s
[runner] RQ7_plus_P7@P3xhybrid|P3|hybrid|8|4|e1ca495784  macroF1=0.459  epochs=21  8.2s
[runner] RQ7_plus_P7@P3xhybrid|P3|hybrid|9|0|e1ca495784  macroF1=0.667  epochs=26  9.8s
[runner] RQ7_plus_P7@P3xhybrid|P3|hybrid|9|1|e1ca495784  macroF1=0.560  epochs=24  9.2s
[runner] RQ7_plus_P7@P3xhybrid|P3|hybrid|9|2|e1ca495784  macroF1=0.890  epochs=33  13.5s
[runner] RQ7_plus_P7@P3xhybrid|P3|hybrid|9|3|e1ca495784  macroF1=0.440  epochs=30  11.6s
[runner] RQ7_plus_P7@P3xhybrid|P3|hybrid|9|4|e1ca495784  macroF1=0.700  epochs=35  13.7s
[runner] RQ7_pswe_edge@P3xhybrid|P3|pswe|5|0|efd23b26c8  macroF1=0.560  epochs=22  8.6s
[runner] RQ7_pswe_edge@P3xhybrid|P3|pswe|5|1|efd23b26c8  macroF1=0.517  epochs=45  16.8s
[runner] RQ7_pswe_edge@P3xhybrid|P3|pswe|5|2|efd23b26c8  macroF1=0.648  epochs=57  21.3s
[runner] RQ7_pswe_edge@P3xhybrid|P3|pswe|5|3|efd23b26c8  macroF1=0.501  epochs=31  12.0s
[runner] RQ7_pswe_edge@P3xhybrid|P3|pswe|5|4|efd23b26c8  macroF1=0.431  epochs=21  8.0s
[runner] RQ7_pswe_edge@P3xhybrid|P3|pswe|6|0|efd23b26c8  macroF1=0.404  epochs=27  10.1s
[runner] RQ7_pswe_edge@P3xhybrid|P3|pswe|6|1|efd23b26c8  macroF1=0.598  epochs=30  11.4s
[runner] RQ7_pswe_edge@P3xhybrid|P3|pswe|6|2|efd23b26c8  macroF1=0.660  epochs=23  9.0s
[runner] RQ7_pswe_edge@P3xhybrid|P3|pswe|6|3|efd23b26c8  macroF1=0.641  epochs=49  19.1s
[runner] RQ7_pswe_edge@P3xhybrid|P3|pswe|6|4|efd23b26c8  macroF1=0.492  epochs=21  8.6s
[runner] RQ7_pswe_edge@P3xhybrid|P3|pswe|7|0|efd23b26c8  macroF1=0.418  epochs=39  15.8s
[runner] RQ7_pswe_edge@P3xhybrid|P3|pswe|7|1|efd23b26c8  macroF1=0.458  epochs=24  9.3s
[runner] RQ7_pswe_edge@P3xhybrid|P3|pswe|7|2|efd23b26c8  macroF1=0.511  epochs=51  19.3s
[runner] RQ7_pswe_edge@P3xhybrid|P3|pswe|7|3|efd23b26c8  macroF1=0.633  epochs=46  18.0s
[runner] RQ7_pswe_edge@P3xhybrid|P3|pswe|7|4|efd23b26c8  macroF1=0.683  epochs=29  11.0s
[runner] RQ7_pswe_edge@P3xhybrid|P3|pswe|8|0|efd23b26c8  macroF1=0.574  epochs=31  12.1s
[runner] RQ7_pswe_edge@P3xhybrid|P3|pswe|8|1|efd23b26c8  macroF1=0.653  epochs=39  14.9s
[runner] RQ7_pswe_edge@P3xhybrid|P3|pswe|8|2|efd23b26c8  macroF1=0.562  epochs=55  20.9s
[runner] RQ7_pswe_edge@P3xhybrid|P3|pswe|8|3|efd23b26c8  macroF1=0.504  epochs=32  12.0s
[runner] RQ7_pswe_edge@P3xhybrid|P3|pswe|8|4|efd23b26c8  macroF1=0.497  epochs=37  13.8s
[runner] RQ7_pswe_edge@P3xhybrid|P3|pswe|9|0|efd23b26c8  macroF1=0.776  epochs=43  15.7s
[runner] RQ7_pswe_edge@P3xhybrid|P3|pswe|9|1|efd23b26c8  macroF1=0.569  epochs=24  9.2s
[runner] RQ7_pswe_edge@P3xhybrid|P3|pswe|9|2|efd23b26c8  macroF1=0.697  epochs=64  24.5s
[runner] RQ7_pswe_edge@P3xhybrid|P3|pswe|9|3|efd23b26c8  macroF1=0.448  epochs=32  11.8s
[runner] RQ7_pswe_edge@P3xhybrid|P3|pswe|9|4|efd23b26c8  macroF1=0.588  epochs=57  21.3s
[runner] A10_window_split@P3xhybrid|P3|hybrid|5|0|e1ca495784  macroF1=0.979  epochs=200  75.5s
[runner] A10_window_split@P3xhybrid|P3|hybrid|5|1|e1ca495784  macroF1=1.000  epochs=200  75.3s
[runner] A10_window_split@P3xhybrid|P3|hybrid|5|2|e1ca495784  macroF1=0.988  epochs=135  50.7s
[runner] A10_window_split@P3xhybrid|P3|hybrid|5|3|e1ca495784  macroF1=0.955  epochs=76  28.9s
[runner] A10_window_split@P3xhybrid|P3|hybrid|5|4|e1ca495784  macroF1=0.942  epochs=65  24.6s
[runner] A10_window_split@P3xhybrid|P3|hybrid|6|0|e1ca495784  macroF1=0.975  epochs=83  30.7s
[runner] A10_window_split@P3xhybrid|P3|hybrid|6|1|e1ca495784  macroF1=0.988  epochs=135  50.5s
[runner] A10_window_split@P3xhybrid|P3|hybrid|6|2|e1ca495784  macroF1=0.975  epochs=75  28.1s
[runner] A10_window_split@P3xhybrid|P3|hybrid|6|3|e1ca495784  macroF1=1.000  epochs=200  74.2s
[runner] A10_window_split@P3xhybrid|P3|hybrid|6|4|e1ca495784  macroF1=1.000  epochs=92  34.4s
[runner] A10_window_split@P3xhybrid|P3|hybrid|7|0|e1ca495784  macroF1=0.964  epochs=200  75.7s
[runner] A10_window_split@P3xhybrid|P3|hybrid|7|1|e1ca495784  macroF1=1.000  epochs=200  76.1s
[runner] A10_window_split@P3xhybrid|P3|hybrid|7|2|e1ca495784  macroF1=0.978  epochs=120  47.0s
[runner] A10_window_split@P3xhybrid|P3|hybrid|7|3|e1ca495784  macroF1=0.990  epochs=164  63.1s
[runner] A10_window_split@P3xhybrid|P3|hybrid|7|4|e1ca495784  macroF1=0.963  epochs=197  76.9s
[runner] A10_window_split@P3xhybrid|P3|hybrid|8|0|e1ca495784  macroF1=1.000  epochs=200  76.9s
[runner] A10_window_split@P3xhybrid|P3|hybrid|8|1|e1ca495784  macroF1=1.000  epochs=102  38.3s
[runner] A10_window_split@P3xhybrid|P3|hybrid|8|2|e1ca495784  macroF1=0.976  epochs=63  24.3s
[runner] A10_window_split@P3xhybrid|P3|hybrid|8|3|e1ca495784  macroF1=1.000  epochs=103  40.2s
[runner] A10_window_split@P3xhybrid|P3|hybrid|8|4|e1ca495784  macroF1=0.977  epochs=158  61.5s
[runner] A10_window_split@P3xhybrid|P3|hybrid|9|0|e1ca495784  macroF1=0.978  epochs=88  33.7s
[runner] A10_window_split@P3xhybrid|P3|hybrid|9|1|e1ca495784  macroF1=0.990  epochs=185  70.0s
[runner] A10_window_split@P3xhybrid|P3|hybrid|9|2|e1ca495784  macroF1=0.990  epochs=95  36.5s
[runner] A10_window_split@P3xhybrid|P3|hybrid|9|3|e1ca495784  macroF1=0.988  epochs=189  72.6s
[runner] A10_window_split@P3xhybrid|P3|hybrid|9|4|e1ca495784  macroF1=1.000  epochs=200  75.7s
{"runs_done": 350}

