[classical] P1 lr seed0 fold0 macroF1=0.324
[classical] P1 svm_rbf seed0 fold0 macroF1=0.428
[classical] P1 rf seed0 fold0 macroF1=0.363
[classical] P1 lr seed0 fold1 macroF1=0.513
[classical] P1 svm_rbf seed0 fold1 macroF1=0.479
[classical] P1 rf seed0 fold1 macroF1=0.602
[classical] P1 lr seed0 fold2 macroF1=0.470
[classical] P1 svm_rbf seed0 fold2 macroF1=0.523
[classical] P1 rf seed0 fold2 macroF1=0.321
[classical] P1 lr seed0 fold3 macroF1=0.469
[classical] P1 svm_rbf seed0 fold3 macroF1=0.683
[classical] P1 rf seed0 fold3 macroF1=0.735
[classical] P1 lr seed0 fold4 macroF1=0.413
[classical] P1 svm_rbf seed0 fold4 macroF1=0.413
[classical] P1 rf seed0 fold4 macroF1=0.546
[classical] P1 lr seed1 fold0 macroF1=0.513
[classical] P1 svm_rbf seed1 fold0 macroF1=0.516
[classical] P1 rf seed1 fold0 macroF1=0.648
[classical] P1 lr seed1 fold1 macroF1=0.386
[classical] P1 svm_rbf seed1 fold1 macroF1=0.556
[classical] P1 rf seed1 fold1 macroF1=0.556
[classical] P1 lr seed1 fold2 macroF1=0.418
[classical] P1 svm_rbf seed1 fold2 macroF1=0.423
[classical] P1 rf seed1 fold2 macroF1=0.473
[classical] P1 lr seed1 fold3 macroF1=0.628
[classical] P1 svm_rbf seed1 fold3 macroF1=0.733
[classical] P1 rf seed1 fold3 macroF1=0.686
[classical] P1 lr seed1 fold4 macroF1=0.531
[classical] P1 svm_rbf seed1 fold4 macroF1=0.362
[classical] P1 rf seed1 fold4 macroF1=0.496
[classical] P1 lr seed2 fold0 macroF1=0.599
[classical] P1 svm_rbf seed2 fold0 macroF1=0.422
[classical] P1 rf seed2 fold0 macroF1=0.464
[classical] P1 lr seed2 fold1 macroF1=0.512
[classical] P1 svm_rbf seed2 fold1 macroF1=0.389
[classical] P1 rf seed2 fold1 macroF1=0.386
[classical] P1 lr seed2 fold2 macroF1=0.728
[classical] P1 svm_rbf seed2 fold2 macroF1=0.457
[classical] P1 rf seed2 fold2 macroF1=0.595
[classical] P1 lr seed2 fold3 macroF1=0.702
[classical] P1 svm_rbf seed2 fold3 macroF1=0.792
[classical] P1 rf seed2 fold3 macroF1=0.794
[classical] P1 lr seed2 fold4 macroF1=0.575
[classical] P1 svm_rbf seed2 fold4 macroF1=0.628
[classical] P1 rf seed2 fold4 macroF1=0.538
[classical] P1 lr seed3 fold0 macroF1=0.611
[classical] P1 svm_rbf seed3 fold0 macroF1=0.642
[classical] P1 rf seed3 fold0 macroF1=0.513
[classical] P1 lr seed3 fold1 macroF1=0.641
[classical] P1 svm_rbf seed3 fold1 macroF1=0.481
[classical] P1 rf seed3 fold1 macroF1=0.500
[classical] P1 lr seed3 fold2 macroF1=0.767
[classical] P1 svm_rbf seed3 fold2 macroF1=0.444
[classical] P1 rf seed3 fold2 macroF1=0.556
[classical] P1 lr seed3 fold3 macroF1=0.487
[classical] P1 svm_rbf seed3 fold3 macroF1=0.537
[classical] P1 rf seed3 fold3 macroF1=0.487
[classical] P1 lr seed3 fold4 macroF1=0.425
[classical] P1 svm_rbf seed3 fold4 macroF1=0.392
[classical] P1 rf seed3 fold4 macroF1=0.444
[classical] P1 lr seed4 fold0 macroF1=0.506
[classical] P1 svm_rbf seed4 fold0 macroF1=0.434
[classical] P1 rf seed4 fold0 macroF1=0.523
[classical] P1 lr seed4 fold1 macroF1=0.580
[classical] P1 svm_rbf seed4 fold1 macroF1=0.646
[classical] P1 rf seed4 fold1 macroF1=0.511
[classical] P1 lr seed4 fold2 macroF1=0.443
[classical] P1 svm_rbf seed4 fold2 macroF1=0.368
[classical] P1 rf seed4 fold2 macroF1=0.458
[classical] P1 lr seed4 fold3 macroF1=0.640
[classical] P1 svm_rbf seed4 fold3 macroF1=0.444
[classical] P1 rf seed4 fold3 macroF1=0.591
[classical] P1 lr seed4 fold4 macroF1=0.517
[classical] P1 svm_rbf seed4 fold4 macroF1=0.733
[classical] P1 rf seed4 fold4 macroF1=0.735
[classical] P2 lr seed0 fold0 macroF1=0.485
[classical] P2 svm_rbf seed0 fold0 macroF1=0.661
[classical] P2 rf seed0 fold0 macroF1=0.536
[classical] P2 lr seed0 fold1 macroF1=0.463
[classical] P2 svm_rbf seed0 fold1 macroF1=0.490
[classical] P2 rf seed0 fold1 macroF1=0.620
[classical] P2 lr seed0 fold2 macroF1=0.416
[classical] P2 svm_rbf seed0 fold2 macroF1=0.231
[classical] P2 rf seed0 fold2 macroF1=0.231
[classical] P2 lr seed0 fold3 macroF1=0.365
[classical] P2 svm_rbf seed0 fold3 macroF1=0.488
[classical] P2 rf seed0 fold3 macroF1=0.413
[classical] P2 lr seed0 fold4 macroF1=0.295
[classical] P2 svm_rbf seed0 fold4 macroF1=0.428
[classical] P2 rf seed0 fold4 macroF1=0.533
[classical] P2 lr seed1 fold0 macroF1=0.546
[classical] P2 svm_rbf seed1 fold0 macroF1=0.433
[classical] P2 rf seed1 fold0 macroF1=0.479
[classical] P2 lr seed1 fold1 macroF1=0.364
[classical] P2 svm_rbf seed1 fold1 macroF1=0.433
[classical] P2 rf seed1 fold1 macroF1=0.479
[classical] P2 lr seed1 fold2 macroF1=0.385
[classical] P2 svm_rbf seed1 fold2 macroF1=0.387
[classical] P2 rf seed1 fold2 macroF1=0.347
[classical] P2 lr seed1 fold3 macroF1=0.446
[classical] P2 svm_rbf seed1 fold3 macroF1=0.383
[classical] P2 rf seed1 fold3 macroF1=0.413
[classical] P2 lr seed1 fold4 macroF1=0.442
[classical] P2 svm_rbf seed1 fold4 macroF1=0.634
[classical] P2 rf seed1 fold4 macroF1=0.590
[classical] P2 lr seed2 fold0 macroF1=0.290
[classical] P2 svm_rbf seed2 fold0 macroF1=0.372
[classical] P2 rf seed2 fold0 macroF1=0.413
[classical] P2 lr seed2 fold1 macroF1=0.374
[classical] P2 svm_rbf seed2 fold1 macroF1=0.473
[classical] P2 rf seed2 fold1 macroF1=0.353
[classical] P2 lr seed2 fold2 macroF1=0.546
[classical] P2 svm_rbf seed2 fold2 macroF1=0.499
[classical] P2 rf seed2 fold2 macroF1=0.433
[classical] P2 lr seed2 fold3 macroF1=0.440
[classical] P2 svm_rbf seed2 fold3 macroF1=0.446
[classical] P2 rf seed2 fold3 macroF1=0.356
[classical] P2 lr seed2 fold4 macroF1=0.460
[classical] P2 svm_rbf seed2 fold4 macroF1=0.411
[classical] P2 rf seed2 fold4 macroF1=0.401
[classical] P2 lr seed3 fold0 macroF1=0.325
[classical] P2 svm_rbf seed3 fold0 macroF1=0.499
[classical] P2 rf seed3 fold0 macroF1=0.382
[classical] P2 lr seed3 fold1 macroF1=0.351
[classical] P2 svm_rbf seed3 fold1 macroF1=0.718
[classical] P2 rf seed3 fold1 macroF1=0.434
[classical] P2 lr seed3 fold2 macroF1=0.475
[classical] P2 svm_rbf seed3 fold2 macroF1=0.427
[classical] P2 rf seed3 fold2 macroF1=0.473
[classical] P2 lr seed3 fold3 macroF1=0.342
[classical] P2 svm_rbf seed3 fold3 macroF1=0.416
[classical] P2 rf seed3 fold3 macroF1=0.362
[classical] P2 lr seed3 fold4 macroF1=0.638
[classical] P2 svm_rbf seed3 fold4 macroF1=0.546
[classical] P2 rf seed3 fold4 macroF1=0.546
[classical] P2 lr seed4 fold0 macroF1=0.382
[classical] P2 svm_rbf seed4 fold0 macroF1=0.379
[classical] P2 rf seed4 fold0 macroF1=0.392
[classical] P2 lr seed4 fold1 macroF1=0.474
[classical] P2 svm_rbf seed4 fold1 macroF1=0.390
[classical] P2 rf seed4 fold1 macroF1=0.434
[classical] P2 lr seed4 fold2 macroF1=0.366
[classical] P2 svm_rbf seed4 fold2 macroF1=0.389
[classical] P2 rf seed4 fold2 macroF1=0.446
[classical] P2 lr seed4 fold3 macroF1=0.425
[classical] P2 svm_rbf seed4 fold3 macroF1=0.401
[classical] P2 rf seed4 fold3 macroF1=0.440
[classical] P2 lr seed4 fold4 macroF1=0.348
[classical] P2 svm_rbf seed4 fold4 macroF1=0.550
[classical] P2 rf seed4 fold4 macroF1=0.404
[classical] P3 lr seed0 fold0 macroF1=0.261
[classical] P3 svm_rbf seed0 fold0 macroF1=0.281
[classical] P3 rf seed0 fold0 macroF1=0.404
[classical] P3 lr seed0 fold1 macroF1=0.357
[classical] P3 svm_rbf seed0 fold1 macroF1=0.342
[classical] P3 rf seed0 fold1 macroF1=0.330
[classical] P3 lr seed0 fold2 macroF1=0.416
[classical] P3 svm_rbf seed0 fold2 macroF1=0.444
[classical] P3 rf seed0 fold2 macroF1=0.342
[classical] P3 lr seed0 fold3 macroF1=0.400
[classical] P3 svm_rbf seed0 fold3 macroF1=0.735
[classical] P3 rf seed0 fold3 macroF1=0.686
[classical] P3 lr seed0 fold4 macroF1=0.290
[classical] P3 svm_rbf seed0 fold4 macroF1=0.344
[classical] P3 rf seed0 fold4 macroF1=0.571
[classical] P3 lr seed1 fold0 macroF1=0.743
[classical] P3 svm_rbf seed1 fold0 macroF1=0.648
[classical] P3 rf seed1 fold0 macroF1=0.648
[classical] P3 lr seed1 fold1 macroF1=0.321
[classical] P3 svm_rbf seed1 fold1 macroF1=0.371
[classical] P3 rf seed1 fold1 macroF1=0.543
[classical] P3 lr seed1 fold2 macroF1=0.324
[classical] P3 svm_rbf seed1 fold2 macroF1=0.560
[classical] P3 rf seed1 fold2 macroF1=0.611
[classical] P3 lr seed1 fold3 macroF1=0.496
[classical] P3 svm_rbf seed1 fold3 macroF1=0.631
[classical] P3 rf seed1 fold3 macroF1=0.476
[classical] P3 lr seed1 fold4 macroF1=0.442
[classical] P3 svm_rbf seed1 fold4 macroF1=0.538
[classical] P3 rf seed1 fold4 macroF1=0.535
[classical] P3 lr seed2 fold0 macroF1=0.432
[classical] P3 svm_rbf seed2 fold0 macroF1=0.444
[classical] P3 rf seed2 fold0 macroF1=0.593
[classical] P3 lr seed2 fold1 macroF1=0.321
[classical] P3 svm_rbf seed2 fold1 macroF1=0.390
[classical] P3 rf seed2 fold1 macroF1=0.463
[classical] P3 lr seed2 fold2 macroF1=0.537
[classical] P3 svm_rbf seed2 fold2 macroF1=0.648
[classical] P3 rf seed2 fold2 macroF1=0.552
[classical] P3 lr seed2 fold3 macroF1=0.750
[classical] P3 svm_rbf seed2 fold3 macroF1=0.637
[classical] P3 rf seed2 fold3 macroF1=0.732
[classical] P3 lr seed2 fold4 macroF1=0.491
[classical] P3 svm_rbf seed2 fold4 macroF1=0.736
[classical] P3 rf seed2 fold4 macroF1=0.538
[classical] P3 lr seed3 fold0 macroF1=0.357
[classical] P3 svm_rbf seed3 fold0 macroF1=0.544
[classical] P3 rf seed3 fold0 macroF1=0.642
[classical] P3 lr seed3 fold1 macroF1=0.556
[classical] P3 svm_rbf seed3 fold1 macroF1=0.506
[classical] P3 rf seed3 fold1 macroF1=0.591
[classical] P3 lr seed3 fold2 macroF1=0.522
[classical] P3 svm_rbf seed3 fold2 macroF1=0.644
[classical] P3 rf seed3 fold2 macroF1=0.648
[classical] P3 lr seed3 fold3 macroF1=0.348
[classical] P3 svm_rbf seed3 fold3 macroF1=0.381
[classical] P3 rf seed3 fold3 macroF1=0.363
[classical] P3 lr seed3 fold4 macroF1=0.428
[classical] P3 svm_rbf seed3 fold4 macroF1=0.496
[classical] P3 rf seed3 fold4 macroF1=0.486
[classical] P3 lr seed4 fold0 macroF1=0.296
[classical] P3 svm_rbf seed4 fold0 macroF1=0.400
[classical] P3 rf seed4 fold0 macroF1=0.453
[classical] P3 lr seed4 fold1 macroF1=0.357
[classical] P3 svm_rbf seed4 fold1 macroF1=0.552
[classical] P3 rf seed4 fold1 macroF1=0.603
[classical] P3 lr seed4 fold2 macroF1=0.423
[classical] P3 svm_rbf seed4 fold2 macroF1=0.361
[classical] P3 rf seed4 fold2 macroF1=0.509
[classical] P3 lr seed4 fold3 macroF1=0.640
[classical] P3 svm_rbf seed4 fold3 macroF1=0.591
[classical] P3 rf seed4 fold3 macroF1=0.588
[classical] P3 lr seed4 fold4 macroF1=0.511
[classical] P3 svm_rbf seed4 fold4 macroF1=0.600
[classical] P3 rf seed4 fold4 macroF1=0.502
[classical] P4 lr seed0 fold0 macroF1=0.157
[classical] P4 svm_rbf seed0 fold0 macroF1=0.253
[classical] P4 rf seed0 fold0 macroF1=0.259
[classical] P4 lr seed0 fold1 macroF1=0.370
[classical] P4 svm_rbf seed0 fold1 macroF1=0.357
[classical] P4 rf seed0 fold1 macroF1=0.315
[classical] P4 lr seed0 fold2 macroF1=0.272
[classical] P4 svm_rbf seed0 fold2 macroF1=0.406
[classical] P4 rf seed0 fold2 macroF1=0.200
[classical] P4 lr seed0 fold3 macroF1=0.297
[classical] P4 svm_rbf seed0 fold3 macroF1=0.470
[classical] P4 rf seed0 fold3 macroF1=0.547
[classical] P4 lr seed0 fold4 macroF1=0.325
[classical] P4 svm_rbf seed0 fold4 macroF1=0.277
[classical] P4 rf seed0 fold4 macroF1=0.496
[classical] P4 lr seed1 fold0 macroF1=0.400
[classical] P4 svm_rbf seed1 fold0 macroF1=0.288
[classical] P4 rf seed1 fold0 macroF1=0.442
[classical] P4 lr seed1 fold1 macroF1=0.433
[classical] P4 svm_rbf seed1 fold1 macroF1=0.381
[classical] P4 rf seed1 fold1 macroF1=0.425
[classical] P4 lr seed1 fold2 macroF1=0.448
[classical] P4 svm_rbf seed1 fold2 macroF1=0.468
[classical] P4 rf seed1 fold2 macroF1=0.511
[classical] P4 lr seed1 fold3 macroF1=0.524
[classical] P4 svm_rbf seed1 fold3 macroF1=0.415
[classical] P4 rf seed1 fold3 macroF1=0.586
[classical] P4 lr seed1 fold4 macroF1=0.427
[classical] P4 svm_rbf seed1 fold4 macroF1=0.487
[classical] P4 rf seed1 fold4 macroF1=0.487
[classical] P4 lr seed2 fold0 macroF1=0.572
[classical] P4 svm_rbf seed2 fold0 macroF1=0.492
[classical] P4 rf seed2 fold0 macroF1=0.641
[classical] P4 lr seed2 fold1 macroF1=0.463
[classical] P4 svm_rbf seed2 fold1 macroF1=0.511
[classical] P4 rf seed2 fold1 macroF1=0.389
[classical] P4 lr seed2 fold2 macroF1=0.618
[classical] P4 svm_rbf seed2 fold2 macroF1=0.651
[classical] P4 rf seed2 fold2 macroF1=0.511
[classical] P4 lr seed2 fold3 macroF1=0.701
[classical] P4 svm_rbf seed2 fold3 macroF1=0.638
[classical] P4 rf seed2 fold3 macroF1=0.624
[classical] P4 lr seed2 fold4 macroF1=0.487
[classical] P4 svm_rbf seed2 fold4 macroF1=0.526
[classical] P4 rf seed2 fold4 macroF1=0.594
[classical] P4 lr seed3 fold0 macroF1=0.432
[classical] P4 svm_rbf seed3 fold0 macroF1=0.360
[classical] P4 rf seed3 fold0 macroF1=0.469
[classical] P4 lr seed3 fold1 macroF1=0.643
[classical] P4 svm_rbf seed3 fold1 macroF1=0.556
[classical] P4 rf seed3 fold1 macroF1=0.556
[classical] P4 lr seed3 fold2 macroF1=0.497
[classical] P4 svm_rbf seed3 fold2 macroF1=0.498
[classical] P4 rf seed3 fold2 macroF1=0.651
[classical] P4 lr seed3 fold3 macroF1=0.415
[classical] P4 svm_rbf seed3 fold3 macroF1=0.546
[classical] P4 rf seed3 fold3 macroF1=0.443
[classical] P4 lr seed3 fold4 macroF1=0.443
[classical] P4 svm_rbf seed3 fold4 macroF1=0.416
[classical] P4 rf seed3 fold4 macroF1=0.400
[classical] P4 lr seed4 fold0 macroF1=0.348
[classical] P4 svm_rbf seed4 fold0 macroF1=0.325
[classical] P4 rf seed4 fold0 macroF1=0.489
[classical] P4 lr seed4 fold1 macroF1=0.459
[classical] P4 svm_rbf seed4 fold1 macroF1=0.468
[classical] P4 rf seed4 fold1 macroF1=0.511
[classical] P4 lr seed4 fold2 macroF1=0.333
[classical] P4 svm_rbf seed4 fold2 macroF1=0.287
[classical] P4 rf seed4 fold2 macroF1=0.323
[classical] P4 lr seed4 fold3 macroF1=0.417
[classical] P4 svm_rbf seed4 fold3 macroF1=0.343
[classical] P4 rf seed4 fold3 macroF1=0.528
[classical] P4 lr seed4 fold4 macroF1=0.538
[classical] P4 svm_rbf seed4 fold4 macroF1=0.504
[classical] P4 rf seed4 fold4 macroF1=0.640
[classical] P6 lr seed0 fold0 macroF1=0.333
[classical] P6 svm_rbf seed0 fold0 macroF1=0.389
[classical] P6 rf seed0 fold0 macroF1=0.297
[classical] P6 lr seed0 fold1 macroF1=0.382
[classical] P6 svm_rbf seed0 fold1 macroF1=0.342
[classical] P6 rf seed0 fold1 macroF1=0.405
[classical] P6 lr seed0 fold2 macroF1=0.455
[classical] P6 svm_rbf seed0 fold2 macroF1=0.519
[classical] P6 rf seed0 fold2 macroF1=0.376
[classical] P6 lr seed0 fold3 macroF1=0.409
[classical] P6 svm_rbf seed0 fold3 macroF1=0.629
[classical] P6 rf seed0 fold3 macroF1=0.686
[classical] P6 lr seed0 fold4 macroF1=0.458
[classical] P6 svm_rbf seed0 fold4 macroF1=0.460
[classical] P6 rf seed0 fold4 macroF1=0.526
[classical] P6 lr seed1 fold0 macroF1=0.553
[classical] P6 svm_rbf seed1 fold0 macroF1=0.642
[classical] P6 rf seed1 fold0 macroF1=0.648
[classical] P6 lr seed1 fold1 macroF1=0.509
[classical] P6 svm_rbf seed1 fold1 macroF1=0.468
[classical] P6 rf seed1 fold1 macroF1=0.468
[classical] P6 lr seed1 fold2 macroF1=0.653
[classical] P6 svm_rbf seed1 fold2 macroF1=0.569
[classical] P6 rf seed1 fold2 macroF1=0.556
[classical] P6 lr seed1 fold3 macroF1=0.627
[classical] P6 svm_rbf seed1 fold3 macroF1=0.679
[classical] P6 rf seed1 fold3 macroF1=0.586
[classical] P6 lr seed1 fold4 macroF1=0.494
[classical] P6 svm_rbf seed1 fold4 macroF1=0.547
[classical] P6 rf seed1 fold4 macroF1=0.535
[classical] P6 lr seed2 fold0 macroF1=0.648
[classical] P6 svm_rbf seed2 fold0 macroF1=0.523
[classical] P6 rf seed2 fold0 macroF1=0.648
[classical] P6 lr seed2 fold1 macroF1=0.390
[classical] P6 svm_rbf seed2 fold1 macroF1=0.558
[classical] P6 rf seed2 fold1 macroF1=0.389
[classical] P6 lr seed2 fold2 macroF1=0.783
[classical] P6 svm_rbf seed2 fold2 macroF1=0.603
[classical] P6 rf seed2 fold2 macroF1=0.595
[classical] P6 lr seed2 fold3 macroF1=0.756
[classical] P6 svm_rbf seed2 fold3 macroF1=0.629
[classical] P6 rf seed2 fold3 macroF1=0.683
[classical] P6 lr seed2 fold4 macroF1=0.683
[classical] P6 svm_rbf seed2 fold4 macroF1=0.683
[classical] P6 rf seed2 fold4 macroF1=0.590
[classical] P6 lr seed3 fold0 macroF1=0.471
[classical] P6 svm_rbf seed3 fold0 macroF1=0.553
[classical] P6 rf seed3 fold0 macroF1=0.642
[classical] P6 lr seed3 fold1 macroF1=0.623
[classical] P6 svm_rbf seed3 fold1 macroF1=0.544
[classical] P6 rf seed3 fold1 macroF1=0.569
[classical] P6 lr seed3 fold2 macroF1=0.599
[classical] P6 svm_rbf seed3 fold2 macroF1=0.694
[classical] P6 rf seed3 fold2 macroF1=0.521
[classical] P6 lr seed3 fold3 macroF1=0.286
[classical] P6 svm_rbf seed3 fold3 macroF1=0.537
[classical] P6 rf seed3 fold3 macroF1=0.362
[classical] P6 lr seed3 fold4 macroF1=0.428
[classical] P6 svm_rbf seed3 fold4 macroF1=0.537
[classical] P6 rf seed3 fold4 macroF1=0.591
[classical] P6 lr seed4 fold0 macroF1=0.551
[classical] P6 svm_rbf seed4 fold0 macroF1=0.523
[classical] P6 rf seed4 fold0 macroF1=0.523
[classical] P6 lr seed4 fold1 macroF1=0.461
[classical] P6 svm_rbf seed4 fold1 macroF1=0.604
[classical] P6 rf seed4 fold1 macroF1=0.603
[classical] P6 lr seed4 fold2 macroF1=0.423
[classical] P6 svm_rbf seed4 fold2 macroF1=0.466
[classical] P6 rf seed4 fold2 macroF1=0.466
[classical] P6 lr seed4 fold3 macroF1=0.640
[classical] P6 svm_rbf seed4 fold3 macroF1=0.591
[classical] P6 rf seed4 fold3 macroF1=0.591
[classical] P6 lr seed4 fold4 macroF1=0.508
[classical] P6 svm_rbf seed4 fold4 macroF1=0.725
[classical] P6 rf seed4 fold4 macroF1=0.636
[classical] P7 lr seed0 fold0 macroF1=0.502
[classical] P7 svm_rbf seed0 fold0 macroF1=0.425
[classical] P7 rf seed0 fold0 macroF1=0.595
[classical] P7 lr seed0 fold1 macroF1=0.402
[classical] P7 svm_rbf seed0 fold1 macroF1=0.474
[classical] P7 rf seed0 fold1 macroF1=0.418
[classical] P7 lr seed0 fold2 macroF1=0.361
[classical] P7 svm_rbf seed0 fold2 macroF1=0.503
[classical] P7 rf seed0 fold2 macroF1=0.382
[classical] P7 lr seed0 fold3 macroF1=0.324
[classical] P7 svm_rbf seed0 fold3 macroF1=0.538
[classical] P7 rf seed0 fold3 macroF1=0.590
[classical] P7 lr seed0 fold4 macroF1=0.476
[classical] P7 svm_rbf seed0 fold4 macroF1=0.372
[classical] P7 rf seed0 fold4 macroF1=0.496
[classical] P7 lr seed1 fold0 macroF1=0.511
[classical] P7 svm_rbf seed1 fold0 macroF1=0.464
[classical] P7 rf seed1 fold0 macroF1=0.513
[classical] P7 lr seed1 fold1 macroF1=0.323
[classical] P7 svm_rbf seed1 fold1 macroF1=0.472
[classical] P7 rf seed1 fold1 macroF1=0.416
[classical] P7 lr seed1 fold2 macroF1=0.494
[classical] P7 svm_rbf seed1 fold2 macroF1=0.464
[classical] P7 rf seed1 fold2 macroF1=0.422
[classical] P7 lr seed1 fold3 macroF1=0.733
[classical] P7 svm_rbf seed1 fold3 macroF1=0.638
[classical] P7 rf seed1 fold3 macroF1=0.590
[classical] P7 lr seed1 fold4 macroF1=0.363
[classical] P7 svm_rbf seed1 fold4 macroF1=0.440
[classical] P7 rf seed1 fold4 macroF1=0.425
[classical] P7 lr seed2 fold0 macroF1=0.329
[classical] P7 svm_rbf seed2 fold0 macroF1=0.444
[classical] P7 rf seed2 fold0 macroF1=0.593
[classical] P7 lr seed2 fold1 macroF1=0.567
[classical] P7 svm_rbf seed2 fold1 macroF1=0.311
[classical] P7 rf seed2 fold1 macroF1=0.386
[classical] P7 lr seed2 fold2 macroF1=0.643
[classical] P7 svm_rbf seed2 fold2 macroF1=0.427
[classical] P7 rf seed2 fold2 macroF1=0.556
[classical] P7 lr seed2 fold3 macroF1=0.390
[classical] P7 svm_rbf seed2 fold3 macroF1=0.409
[classical] P7 rf seed2 fold3 macroF1=0.540
[classical] P7 lr seed2 fold4 macroF1=0.582
[classical] P7 svm_rbf seed2 fold4 macroF1=0.733
[classical] P7 rf seed2 fold4 macroF1=0.542
[classical] P7 lr seed3 fold0 macroF1=0.444
[classical] P7 svm_rbf seed3 fold0 macroF1=0.390
[classical] P7 rf seed3 fold0 macroF1=0.471
[classical] P7 lr seed3 fold1 macroF1=0.363
[classical] P7 svm_rbf seed3 fold1 macroF1=0.461
[classical] P7 rf seed3 fold1 macroF1=0.427
[classical] P7 lr seed3 fold2 macroF1=0.500
[classical] P7 svm_rbf seed3 fold2 macroF1=0.434
[classical] P7 rf seed3 fold2 macroF1=0.560
[classical] P7 lr seed3 fold3 macroF1=0.469
[classical] P7 svm_rbf seed3 fold3 macroF1=0.650
[classical] P7 rf seed3 fold3 macroF1=0.486
[classical] P7 lr seed3 fold4 macroF1=0.545
[classical] P7 svm_rbf seed3 fold4 macroF1=0.590
[classical] P7 rf seed3 fold4 macroF1=0.488
[classical] P7 lr seed4 fold0 macroF1=0.364
[classical] P7 svm_rbf seed4 fold0 macroF1=0.417
[classical] P7 rf seed4 fold0 macroF1=0.401
[classical] P7 lr seed4 fold1 macroF1=0.396
[classical] P7 svm_rbf seed4 fold1 macroF1=0.518
[classical] P7 rf seed4 fold1 macroF1=0.581
[classical] P7 lr seed4 fold2 macroF1=0.321
[classical] P7 svm_rbf seed4 fold2 macroF1=0.363
[classical] P7 rf seed4 fold2 macroF1=0.439
[classical] P7 lr seed4 fold3 macroF1=0.485
[classical] P7 svm_rbf seed4 fold3 macroF1=0.547
[classical] P7 rf seed4 fold3 macroF1=0.444
[classical] P7 lr seed4 fold4 macroF1=0.533
[classical] P7 svm_rbf seed4 fold4 macroF1=0.642
[classical] P7 rf seed4 fold4 macroF1=0.685
                   mean     sd   n  ci95_lo  ci95_hi
pipeline model                                      
P1       lr       0.536  0.110  25    0.493    0.579
         rf       0.541  0.116  25    0.496    0.586
         svm_rbf  0.517  0.126  25    0.468    0.566
P2       lr       0.418  0.083  25    0.385    0.450
         rf       0.437  0.085  25    0.403    0.470
         svm_rbf  0.459  0.104  25    0.419    0.500
P3       lr       0.441  0.132  25    0.389    0.492
         rf       0.536  0.105  25    0.495    0.578
         svm_rbf  0.513  0.131  25    0.462    0.564
P4       lr       0.441  0.121  25    0.393    0.488
         rf       0.481  0.119  25    0.435    0.528
         svm_rbf  0.437  0.109  25    0.394    0.480
P6       lr       0.525  0.129  25    0.474    0.575
         rf       0.540  0.107  25    0.498    0.581
         svm_rbf  0.561  0.092  25    0.524    0.597
P7       lr       0.457  0.108  25    0.415    0.499
         rf       0.498  0.082  25    0.466    0.530
         svm_rbf  0.485  0.102  25    0.445    0.525

